<?xml version="1.0" encoding="UTF-8"?>
<TestRun id="fd36ed1b-ab33-42e3-8c51-9a8ac5f9f6de" name="Ho Wai Yung@HOWAIYUNG-PC 2012-11-02 15:25:53" runUser="HoWaiYung-PC\Ho Wai Yung" xmlns="http://microsoft.com/schemas/VisualStudio/TeamTest/2010">
  <TestSettings name="Local" id="19f1e08e-e37f-44cb-a353-ec143923a7f4">
    <Description>These are default test settings for a local test run.</Description>
    <Execution>
      <TestTypeSpecific>
        <UnitTestRunConfig testTypeId="13cdc9d9-ddb5-4fa4-a97d-d965ccfc6d4b">
          <AssemblyResolution>
            <TestDirectory useLoadContext="true" />
          </AssemblyResolution>
        </UnitTestRunConfig>
      </TestTypeSpecific>
      <AgentRule name="LocalMachineDefaultRole">
      </AgentRule>
    </Execution>
    <Deployment runDeploymentRoot="Ho Wai Yung_HOWAIYUNG-PC 2012-11-02 15_25_53" />
  </TestSettings>
  <Times creation="2012-11-02T15:25:53.6944857-06:00" queuing="2012-11-02T15:25:54.4585294-06:00" start="2012-11-02T15:25:54.4675299-06:00" finish="2012-11-02T15:25:54.9205558-06:00" />
  <ResultSummary outcome="Failed">
    <Counters total="44" executed="44" passed="2" error="0" failed="42" timeout="0" aborted="0" inconclusive="0" passedButRunAborted="0" notRunnable="0" notExecuted="0" disconnected="0" warning="0" completed="0" inProgress="0" pending="0" />
  </ResultSummary>
  <TestDefinitions>
    <UnitTest name="AddAuthorNumericalAuthor" storage="f:\dropbox\map\map\bin\debug\map.dll" id="78f4d1d3-be89-6485-aaa1-6c2e5551717a">
      <Execution id="c74d2885-71f5-460f-91f4-bd2c35e4e18a" />
      <TestMethod codeBase="F:/Dropbox/Map/Map/bin/Debug/Map.DLL" adapterTypeName="Microsoft.VisualStudio.TestTools.TestTypes.Unit.UnitTestAdapter, Microsoft.VisualStudio.QualityTools.Tips.UnitTest.Adapter, Version=10.0.0.0, Culture=neutral, PublicKeyToken=b03f5f7f11d50a3a" className="Map.AddPaperTests, Map, Version=1.0.0.0, Culture=neutral, PublicKeyToken=null" name="AddAuthorNumericalAuthor" />
    </UnitTest>
    <UnitTest name="AddNumericalTitle" storage="f:\dropbox\map\map\bin\debug\map.dll" id="c06afa71-2f07-770f-d397-6497f0861191">
      <Execution id="43e48cc2-7c54-4b6b-af5d-60bd4ce2822d" />
      <TestMethod codeBase="F:/Dropbox/Map/Map/bin/Debug/Map.DLL" adapterTypeName="Microsoft.VisualStudio.TestTools.TestTypes.Unit.UnitTestAdapter, Microsoft.VisualStudio.QualityTools.Tips.UnitTest.Adapter, Version=10.0.0.0, Culture=neutral, PublicKeyToken=b03f5f7f11d50a3a" className="Map.AddPaperTests, Map, Version=1.0.0.0, Culture=neutral, PublicKeyToken=null" name="AddNumericalTitle" />
    </UnitTest>
    <UnitTest name="AddNormalAbstract" storage="f:\dropbox\map\map\bin\debug\map.dll" id="4bea2438-3bd3-0aa0-a128-7c8e7bdf72c1">
      <Execution id="11d53428-50db-4ed8-96b6-3701ec7316dd" />
      <TestMethod codeBase="F:/Dropbox/Map/Map/bin/Debug/Map.DLL" adapterTypeName="Microsoft.VisualStudio.TestTools.TestTypes.Unit.UnitTestAdapter, Microsoft.VisualStudio.QualityTools.Tips.UnitTest.Adapter, Version=10.0.0.0, Culture=neutral, PublicKeyToken=b03f5f7f11d50a3a" className="Map.AddPaperTests, Map, Version=1.0.0.0, Culture=neutral, PublicKeyToken=null" name="AddNormalAbstract" />
    </UnitTest>
    <UnitTest name="FindNoKeywordAuthor" storage="f:\dropbox\map\map\bin\debug\map.dll" id="a629a122-196f-9169-0a2e-782ce464b595">
      <Execution id="6f88c66e-59fc-4a83-b250-3cf896880121" />
      <TestMethod codeBase="F:/Dropbox/Map/Map/bin/Debug/Map.DLL" adapterTypeName="Microsoft.VisualStudio.TestTools.TestTypes.Unit.UnitTestAdapter, Microsoft.VisualStudio.QualityTools.Tips.UnitTest.Adapter, Version=10.0.0.0, Culture=neutral, PublicKeyToken=b03f5f7f11d50a3a" className="Map.FindKeywordByAuthorTests, Map, Version=1.0.0.0, Culture=neutral, PublicKeyToken=null" name="FindNoKeywordAuthor" />
    </UnitTest>
    <UnitTest name="AddAlphanumericUniqueKeyword" storage="f:\dropbox\map\map\bin\debug\map.dll" id="68889c4c-4f61-56af-303c-fa6434c9be48">
      <Execution id="ff899f34-4f0f-40bb-8dec-0f0ac17d7282" />
      <TestMethod codeBase="F:/Dropbox/Map/Map/bin/Debug/Map.DLL" adapterTypeName="Microsoft.VisualStudio.TestTools.TestTypes.Unit.UnitTestAdapter, Microsoft.VisualStudio.QualityTools.Tips.UnitTest.Adapter, Version=10.0.0.0, Culture=neutral, PublicKeyToken=b03f5f7f11d50a3a" className="Map.AddKeywordTests, Map, Version=1.0.0.0, Culture=neutral, PublicKeyToken=null" name="AddAlphanumericUniqueKeyword" />
    </UnitTest>
    <UnitTest name="AddNullStringTitle" storage="f:\dropbox\map\map\bin\debug\map.dll" id="267a657e-ae23-c41f-c328-502483d45d28">
      <Execution id="d4a7d4dc-0639-4ede-bec4-cac9a6aa644e" />
      <TestMethod codeBase="F:/Dropbox/Map/Map/bin/Debug/Map.DLL" adapterTypeName="Microsoft.VisualStudio.TestTools.TestTypes.Unit.UnitTestAdapter, Microsoft.VisualStudio.QualityTools.Tips.UnitTest.Adapter, Version=10.0.0.0, Culture=neutral, PublicKeyToken=b03f5f7f11d50a3a" className="Map.AddPaperTests, Map, Version=1.0.0.0, Culture=neutral, PublicKeyToken=null" name="AddNullStringTitle" />
    </UnitTest>
    <UnitTest name="SearchProblem_NullKeywordGiven" storage="f:\dropbox\map\map\bin\debug\map.dll" id="af484430-6570-c227-4a07-935cbbb409db">
      <Execution id="f4d25eb8-bf10-4a3d-8ee9-d98d6e29555c" />
      <TestMethod codeBase="F:/Dropbox/Map/Map/bin/Debug/Map.DLL" adapterTypeName="Microsoft.VisualStudio.TestTools.TestTypes.Unit.UnitTestAdapter, Microsoft.VisualStudio.QualityTools.Tips.UnitTest.Adapter, Version=10.0.0.0, Culture=neutral, PublicKeyToken=b03f5f7f11d50a3a" className="Map.SearchPapersWKeywordTests, Map, Version=1.0.0.0, Culture=neutral, PublicKeyToken=null" name="SearchProblem_NullKeywordGiven" />
    </UnitTest>
    <UnitTest name="AddAlphanumericTitle" storage="f:\dropbox\map\map\bin\debug\map.dll" id="6a24927b-311e-5ec4-afa3-631f4f3ed64f">
      <Execution id="10f47419-a5e3-4d1f-a3f7-895bec199688" />
      <TestMethod codeBase="F:/Dropbox/Map/Map/bin/Debug/Map.DLL" adapterTypeName="Microsoft.VisualStudio.TestTools.TestTypes.Unit.UnitTestAdapter, Microsoft.VisualStudio.QualityTools.Tips.UnitTest.Adapter, Version=10.0.0.0, Culture=neutral, PublicKeyToken=b03f5f7f11d50a3a" className="Map.AddPaperTests, Map, Version=1.0.0.0, Culture=neutral, PublicKeyToken=null" name="AddAlphanumericTitle" />
    </UnitTest>
    <UnitTest name="NullAuthor" storage="f:\dropbox\map\map\bin\debug\map.dll" id="7b3bd826-2935-d997-c1b7-02ca9a4a707a">
      <Execution id="b4026133-1603-4550-a929-e9f52a641a20" />
      <TestMethod codeBase="F:/Dropbox/Map/Map/bin/Debug/Map.DLL" adapterTypeName="Microsoft.VisualStudio.TestTools.TestTypes.Unit.UnitTestAdapter, Microsoft.VisualStudio.QualityTools.Tips.UnitTest.Adapter, Version=10.0.0.0, Culture=neutral, PublicKeyToken=b03f5f7f11d50a3a" className="Map.FindKeywordByAuthorTests, Map, Version=1.0.0.0, Culture=neutral, PublicKeyToken=null" name="NullAuthor" />
    </UnitTest>
    <UnitTest name="FindPartialNumericalAuthor" storage="f:\dropbox\map\map\bin\debug\map.dll" id="7f1db94b-22b0-30cf-3893-fa8638658470">
      <Execution id="474a6596-173b-462b-a373-c1549332f034" />
      <TestMethod codeBase="F:/Dropbox/Map/Map/bin/Debug/Map.DLL" adapterTypeName="Microsoft.VisualStudio.TestTools.TestTypes.Unit.UnitTestAdapter, Microsoft.VisualStudio.QualityTools.Tips.UnitTest.Adapter, Version=10.0.0.0, Culture=neutral, PublicKeyToken=b03f5f7f11d50a3a" className="Map.FindKeywordByAuthorTests, Map, Version=1.0.0.0, Culture=neutral, PublicKeyToken=null" name="FindPartialNumericalAuthor" />
    </UnitTest>
    <UnitTest name="SearchNormal_ExistingKeyword_SinglePaper" storage="f:\dropbox\map\map\bin\debug\map.dll" id="25cf3559-68a7-4c93-4725-e571ad02e3e7">
      <Execution id="7c30ed72-3c57-4c3c-888f-70736410ec2f" />
      <TestMethod codeBase="F:/Dropbox/Map/Map/bin/Debug/Map.DLL" adapterTypeName="Microsoft.VisualStudio.TestTools.TestTypes.Unit.UnitTestAdapter, Microsoft.VisualStudio.QualityTools.Tips.UnitTest.Adapter, Version=10.0.0.0, Culture=neutral, PublicKeyToken=b03f5f7f11d50a3a" className="Map.SearchPapersWKeywordTests, Map, Version=1.0.0.0, Culture=neutral, PublicKeyToken=null" name="SearchNormal_ExistingKeyword_SinglePaper" />
    </UnitTest>
    <UnitTest name="SearchNormal_NonExistingKeyword" storage="f:\dropbox\map\map\bin\debug\map.dll" id="bb18676d-377c-a4ae-690a-6c4a8f00aa46">
      <Execution id="16b4ac5f-1819-4026-97af-2a71b4225c9e" />
      <TestMethod codeBase="F:/Dropbox/Map/Map/bin/Debug/Map.DLL" adapterTypeName="Microsoft.VisualStudio.TestTools.TestTypes.Unit.UnitTestAdapter, Microsoft.VisualStudio.QualityTools.Tips.UnitTest.Adapter, Version=10.0.0.0, Culture=neutral, PublicKeyToken=b03f5f7f11d50a3a" className="Map.SearchPapersWKeywordTests, Map, Version=1.0.0.0, Culture=neutral, PublicKeyToken=null" name="SearchNormal_NonExistingKeyword" />
    </UnitTest>
    <UnitTest name="AddNullStringKeyword" storage="f:\dropbox\map\map\bin\debug\map.dll" id="248afc99-486e-4088-6a24-ffcee580f3a7">
      <Execution id="a003fe23-76f8-4818-86dd-1aafcb0764fa" />
      <TestMethod codeBase="F:/Dropbox/Map/Map/bin/Debug/Map.DLL" adapterTypeName="Microsoft.VisualStudio.TestTools.TestTypes.Unit.UnitTestAdapter, Microsoft.VisualStudio.QualityTools.Tips.UnitTest.Adapter, Version=10.0.0.0, Culture=neutral, PublicKeyToken=b03f5f7f11d50a3a" className="Map.AddKeywordTests, Map, Version=1.0.0.0, Culture=neutral, PublicKeyToken=null" name="AddNullStringKeyword" />
    </UnitTest>
    <UnitTest name="AddMoreThanFourDigitYear" storage="f:\dropbox\map\map\bin\debug\map.dll" id="8953ab0f-d9d6-7dc3-9fc6-6ca918d9894b">
      <Execution id="b47d723b-9ff8-4517-a969-66ed0064b63b" />
      <TestMethod codeBase="F:/Dropbox/Map/Map/bin/Debug/Map.DLL" adapterTypeName="Microsoft.VisualStudio.TestTools.TestTypes.Unit.UnitTestAdapter, Microsoft.VisualStudio.QualityTools.Tips.UnitTest.Adapter, Version=10.0.0.0, Culture=neutral, PublicKeyToken=b03f5f7f11d50a3a" className="Map.AddPaperTests, Map, Version=1.0.0.0, Culture=neutral, PublicKeyToken=null" name="AddMoreThanFourDigitYear" />
    </UnitTest>
    <UnitTest name="AddEmptyStringTitle" storage="f:\dropbox\map\map\bin\debug\map.dll" id="cf1bd0a7-ba2a-cfcf-0db4-f40cc25e59f3">
      <Execution id="11d220dd-e9a1-4beb-a138-4d163fe7b908" />
      <TestMethod codeBase="F:/Dropbox/Map/Map/bin/Debug/Map.DLL" adapterTypeName="Microsoft.VisualStudio.TestTools.TestTypes.Unit.UnitTestAdapter, Microsoft.VisualStudio.QualityTools.Tips.UnitTest.Adapter, Version=10.0.0.0, Culture=neutral, PublicKeyToken=b03f5f7f11d50a3a" className="Map.AddPaperTests, Map, Version=1.0.0.0, Culture=neutral, PublicKeyToken=null" name="AddEmptyStringTitle" />
    </UnitTest>
    <UnitTest name="AddNumericalAbstract" storage="f:\dropbox\map\map\bin\debug\map.dll" id="1d291408-4667-3a4b-5dfb-c1aebbcb6af6">
      <Execution id="598e73b2-c201-4e66-87ea-7c65f6975f66" />
      <TestMethod codeBase="F:/Dropbox/Map/Map/bin/Debug/Map.DLL" adapterTypeName="Microsoft.VisualStudio.TestTools.TestTypes.Unit.UnitTestAdapter, Microsoft.VisualStudio.QualityTools.Tips.UnitTest.Adapter, Version=10.0.0.0, Culture=neutral, PublicKeyToken=b03f5f7f11d50a3a" className="Map.AddPaperTests, Map, Version=1.0.0.0, Culture=neutral, PublicKeyToken=null" name="AddNumericalAbstract" />
    </UnitTest>
    <UnitTest name="AddEmptyStringAbstract" storage="f:\dropbox\map\map\bin\debug\map.dll" id="4e1971b5-00e6-253b-0f9f-05a2c882e771">
      <Execution id="6a123166-497d-435e-8d18-33445ae93693" />
      <TestMethod codeBase="F:/Dropbox/Map/Map/bin/Debug/Map.DLL" adapterTypeName="Microsoft.VisualStudio.TestTools.TestTypes.Unit.UnitTestAdapter, Microsoft.VisualStudio.QualityTools.Tips.UnitTest.Adapter, Version=10.0.0.0, Culture=neutral, PublicKeyToken=b03f5f7f11d50a3a" className="Map.AddPaperTests, Map, Version=1.0.0.0, Culture=neutral, PublicKeyToken=null" name="AddEmptyStringAbstract" />
    </UnitTest>
    <UnitTest name="SearchProblem_EmptyDatabase" storage="f:\dropbox\map\map\bin\debug\map.dll" id="f88b0f97-6095-93ab-4570-ffad36b75fd0">
      <Execution id="e814ce3d-fd93-4edc-bdf6-45833a94bd44" />
      <TestMethod codeBase="F:/Dropbox/Map/Map/bin/Debug/Map.DLL" adapterTypeName="Microsoft.VisualStudio.TestTools.TestTypes.Unit.UnitTestAdapter, Microsoft.VisualStudio.QualityTools.Tips.UnitTest.Adapter, Version=10.0.0.0, Culture=neutral, PublicKeyToken=b03f5f7f11d50a3a" className="Map.SearchPapersWKeywordTests, Map, Version=1.0.0.0, Culture=neutral, PublicKeyToken=null" name="SearchProblem_EmptyDatabase" />
    </UnitTest>
    <UnitTest name="AddDuplicateKeyword" storage="f:\dropbox\map\map\bin\debug\map.dll" id="a33351ea-6262-62cb-6e29-5d799198865f">
      <Execution id="87a30cca-d6db-41a6-ab9d-5e1a5b8e1fe5" />
      <TestMethod codeBase="F:/Dropbox/Map/Map/bin/Debug/Map.DLL" adapterTypeName="Microsoft.VisualStudio.TestTools.TestTypes.Unit.UnitTestAdapter, Microsoft.VisualStudio.QualityTools.Tips.UnitTest.Adapter, Version=10.0.0.0, Culture=neutral, PublicKeyToken=b03f5f7f11d50a3a" className="Map.AddKeywordTests, Map, Version=1.0.0.0, Culture=neutral, PublicKeyToken=null" name="AddDuplicateKeyword" />
    </UnitTest>
    <UnitTest name="FindNormalAuthor" storage="f:\dropbox\map\map\bin\debug\map.dll" id="c61b5fbd-1990-718e-6b92-82f56b46c76a">
      <Execution id="e0a04188-50e0-4f44-826c-a0152af9a218" />
      <TestMethod codeBase="F:/Dropbox/Map/Map/bin/Debug/Map.DLL" adapterTypeName="Microsoft.VisualStudio.TestTools.TestTypes.Unit.UnitTestAdapter, Microsoft.VisualStudio.QualityTools.Tips.UnitTest.Adapter, Version=10.0.0.0, Culture=neutral, PublicKeyToken=b03f5f7f11d50a3a" className="Map.FindKeywordByAuthorTests, Map, Version=1.0.0.0, Culture=neutral, PublicKeyToken=null" name="FindNormalAuthor" />
    </UnitTest>
    <UnitTest name="TabAuthor" storage="f:\dropbox\map\map\bin\debug\map.dll" id="ebe59462-0919-d773-41c7-20b1f87e0c62">
      <Execution id="d0b539e6-1777-4b26-9134-f616ab1bcd67" />
      <TestMethod codeBase="F:/Dropbox/Map/Map/bin/Debug/Map.DLL" adapterTypeName="Microsoft.VisualStudio.TestTools.TestTypes.Unit.UnitTestAdapter, Microsoft.VisualStudio.QualityTools.Tips.UnitTest.Adapter, Version=10.0.0.0, Culture=neutral, PublicKeyToken=b03f5f7f11d50a3a" className="Map.FindKeywordByAuthorTests, Map, Version=1.0.0.0, Culture=neutral, PublicKeyToken=null" name="TabAuthor" />
    </UnitTest>
    <UnitTest name="AddNormalUniqueKeyword" storage="f:\dropbox\map\map\bin\debug\map.dll" id="9834602e-83df-a9b9-5975-c498962fa4b4">
      <Execution id="d4d1fef5-2360-49b9-a4c6-1abbc6d771a6" />
      <TestMethod codeBase="F:/Dropbox/Map/Map/bin/Debug/Map.DLL" adapterTypeName="Microsoft.VisualStudio.TestTools.TestTypes.Unit.UnitTestAdapter, Microsoft.VisualStudio.QualityTools.Tips.UnitTest.Adapter, Version=10.0.0.0, Culture=neutral, PublicKeyToken=b03f5f7f11d50a3a" className="Map.AddKeywordTests, Map, Version=1.0.0.0, Culture=neutral, PublicKeyToken=null" name="AddNormalUniqueKeyword" />
    </UnitTest>
    <UnitTest name="AddNormalAuthor" storage="f:\dropbox\map\map\bin\debug\map.dll" id="2f7e5ec9-b761-a5a2-2844-4c787d4cec40">
      <Execution id="31acb335-b142-4458-98af-43261ca396ab" />
      <TestMethod codeBase="F:/Dropbox/Map/Map/bin/Debug/Map.DLL" adapterTypeName="Microsoft.VisualStudio.TestTools.TestTypes.Unit.UnitTestAdapter, Microsoft.VisualStudio.QualityTools.Tips.UnitTest.Adapter, Version=10.0.0.0, Culture=neutral, PublicKeyToken=b03f5f7f11d50a3a" className="Map.AddPaperTests, Map, Version=1.0.0.0, Culture=neutral, PublicKeyToken=null" name="AddNormalAuthor" />
    </UnitTest>
    <UnitTest name="AddNegativeYear" storage="f:\dropbox\map\map\bin\debug\map.dll" id="4d7af9cf-d876-45d9-06be-1182d47cf877">
      <Execution id="4a7fa3cb-97d1-48c6-bebf-3502d931eba1" />
      <TestMethod codeBase="F:/Dropbox/Map/Map/bin/Debug/Map.DLL" adapterTypeName="Microsoft.VisualStudio.TestTools.TestTypes.Unit.UnitTestAdapter, Microsoft.VisualStudio.QualityTools.Tips.UnitTest.Adapter, Version=10.0.0.0, Culture=neutral, PublicKeyToken=b03f5f7f11d50a3a" className="Map.AddPaperTests, Map, Version=1.0.0.0, Culture=neutral, PublicKeyToken=null" name="AddNegativeYear" />
    </UnitTest>
    <UnitTest name="UnicodeAuthor" storage="f:\dropbox\map\map\bin\debug\map.dll" id="de8c182f-b223-ca86-caf8-d808945a3a91">
      <Execution id="8827d1da-4645-444c-b0c3-6e42dd9d47d2" />
      <TestMethod codeBase="F:/Dropbox/Map/Map/bin/Debug/Map.DLL" adapterTypeName="Microsoft.VisualStudio.TestTools.TestTypes.Unit.UnitTestAdapter, Microsoft.VisualStudio.QualityTools.Tips.UnitTest.Adapter, Version=10.0.0.0, Culture=neutral, PublicKeyToken=b03f5f7f11d50a3a" className="Map.FindKeywordByAuthorTests, Map, Version=1.0.0.0, Culture=neutral, PublicKeyToken=null" name="UnicodeAuthor" />
    </UnitTest>
    <UnitTest name="SearchProblem_EmptyKeywordGiven" storage="f:\dropbox\map\map\bin\debug\map.dll" id="49657f0b-0389-ebf1-d8fe-4e4d913952c9">
      <Execution id="5ad0a617-213f-419e-8285-14cadbba8496" />
      <TestMethod codeBase="F:/Dropbox/Map/Map/bin/Debug/Map.DLL" adapterTypeName="Microsoft.VisualStudio.TestTools.TestTypes.Unit.UnitTestAdapter, Microsoft.VisualStudio.QualityTools.Tips.UnitTest.Adapter, Version=10.0.0.0, Culture=neutral, PublicKeyToken=b03f5f7f11d50a3a" className="Map.SearchPapersWKeywordTests, Map, Version=1.0.0.0, Culture=neutral, PublicKeyToken=null" name="SearchProblem_EmptyKeywordGiven" />
    </UnitTest>
    <UnitTest name="FindPartialUnicodeAuthor" storage="f:\dropbox\map\map\bin\debug\map.dll" id="401fd3f5-883b-6806-028c-ee2f9d46a707">
      <Execution id="593682bb-f5a2-43eb-92fd-647b0859a76a" />
      <TestMethod codeBase="F:/Dropbox/Map/Map/bin/Debug/Map.DLL" adapterTypeName="Microsoft.VisualStudio.TestTools.TestTypes.Unit.UnitTestAdapter, Microsoft.VisualStudio.QualityTools.Tips.UnitTest.Adapter, Version=10.0.0.0, Culture=neutral, PublicKeyToken=b03f5f7f11d50a3a" className="Map.FindKeywordByAuthorTests, Map, Version=1.0.0.0, Culture=neutral, PublicKeyToken=null" name="FindPartialUnicodeAuthor" />
    </UnitTest>
    <UnitTest name="AddNumericalKeyword" storage="f:\dropbox\map\map\bin\debug\map.dll" id="a3da25ba-3dfd-42b7-2d2b-f031c0bacd59">
      <Execution id="eb45e3c9-1732-4965-83bd-ec269d6eab1b" />
      <TestMethod codeBase="F:/Dropbox/Map/Map/bin/Debug/Map.DLL" adapterTypeName="Microsoft.VisualStudio.TestTools.TestTypes.Unit.UnitTestAdapter, Microsoft.VisualStudio.QualityTools.Tips.UnitTest.Adapter, Version=10.0.0.0, Culture=neutral, PublicKeyToken=b03f5f7f11d50a3a" className="Map.AddKeywordTests, Map, Version=1.0.0.0, Culture=neutral, PublicKeyToken=null" name="AddNumericalKeyword" />
    </UnitTest>
    <UnitTest name="emptyAuthor" storage="f:\dropbox\map\map\bin\debug\map.dll" id="47c87be3-6997-cb09-ee47-e5831347fc33">
      <Execution id="bcf16b86-900f-401a-9211-b4b57890b258" />
      <TestMethod codeBase="F:/Dropbox/Map/Map/bin/Debug/Map.DLL" adapterTypeName="Microsoft.VisualStudio.TestTools.TestTypes.Unit.UnitTestAdapter, Microsoft.VisualStudio.QualityTools.Tips.UnitTest.Adapter, Version=10.0.0.0, Culture=neutral, PublicKeyToken=b03f5f7f11d50a3a" className="Map.FindKeywordByAuthorTests, Map, Version=1.0.0.0, Culture=neutral, PublicKeyToken=null" name="emptyAuthor" />
    </UnitTest>
    <UnitTest name="FindNonExistingAuthor" storage="f:\dropbox\map\map\bin\debug\map.dll" id="748dc392-9274-c2c3-1136-a6594e65bcfb">
      <Execution id="46aefd79-4a1b-411d-8862-c5e98ed610c6" />
      <TestMethod codeBase="F:/Dropbox/Map/Map/bin/Debug/Map.DLL" adapterTypeName="Microsoft.VisualStudio.TestTools.TestTypes.Unit.UnitTestAdapter, Microsoft.VisualStudio.QualityTools.Tips.UnitTest.Adapter, Version=10.0.0.0, Culture=neutral, PublicKeyToken=b03f5f7f11d50a3a" className="Map.FindKeywordByAuthorTests, Map, Version=1.0.0.0, Culture=neutral, PublicKeyToken=null" name="FindNonExistingAuthor" />
    </UnitTest>
    <UnitTest name="AddNormalTitle" storage="f:\dropbox\map\map\bin\debug\map.dll" id="0dbc954f-88fa-593e-d914-26df3336519d">
      <Execution id="df085379-5ab2-43ef-b4f7-0fbe90458d28" />
      <TestMethod codeBase="F:/Dropbox/Map/Map/bin/Debug/Map.DLL" adapterTypeName="Microsoft.VisualStudio.TestTools.TestTypes.Unit.UnitTestAdapter, Microsoft.VisualStudio.QualityTools.Tips.UnitTest.Adapter, Version=10.0.0.0, Culture=neutral, PublicKeyToken=b03f5f7f11d50a3a" className="Map.AddPaperTests, Map, Version=1.0.0.0, Culture=neutral, PublicKeyToken=null" name="AddNormalTitle" />
    </UnitTest>
    <UnitTest name="SearchNormal_ExistingKeyword_MultiplePapers" storage="f:\dropbox\map\map\bin\debug\map.dll" id="78c22366-7126-37de-d3a3-f289174c28b4">
      <Execution id="8cd8b6b6-682a-4675-8be1-de0197873fa9" />
      <TestMethod codeBase="F:/Dropbox/Map/Map/bin/Debug/Map.DLL" adapterTypeName="Microsoft.VisualStudio.TestTools.TestTypes.Unit.UnitTestAdapter, Microsoft.VisualStudio.QualityTools.Tips.UnitTest.Adapter, Version=10.0.0.0, Culture=neutral, PublicKeyToken=b03f5f7f11d50a3a" className="Map.SearchPapersWKeywordTests, Map, Version=1.0.0.0, Culture=neutral, PublicKeyToken=null" name="SearchNormal_ExistingKeyword_MultiplePapers" />
    </UnitTest>
    <UnitTest name="AddEmptyStringAuthor" storage="f:\dropbox\map\map\bin\debug\map.dll" id="3dd49a30-2146-1b41-47f1-c0568797f0ad">
      <Execution id="24700e7f-9234-4ab5-9993-52fb114a5db2" />
      <TestMethod codeBase="F:/Dropbox/Map/Map/bin/Debug/Map.DLL" adapterTypeName="Microsoft.VisualStudio.TestTools.TestTypes.Unit.UnitTestAdapter, Microsoft.VisualStudio.QualityTools.Tips.UnitTest.Adapter, Version=10.0.0.0, Culture=neutral, PublicKeyToken=b03f5f7f11d50a3a" className="Map.AddPaperTests, Map, Version=1.0.0.0, Culture=neutral, PublicKeyToken=null" name="AddEmptyStringAuthor" />
    </UnitTest>
    <UnitTest name="AddAuthorNullStringAuthor" storage="f:\dropbox\map\map\bin\debug\map.dll" id="392d1eb5-82bb-ac02-d5b1-27f1ba3ecee2">
      <Execution id="ba256de3-c73f-4312-9724-57fca44ca023" />
      <TestMethod codeBase="F:/Dropbox/Map/Map/bin/Debug/Map.DLL" adapterTypeName="Microsoft.VisualStudio.TestTools.TestTypes.Unit.UnitTestAdapter, Microsoft.VisualStudio.QualityTools.Tips.UnitTest.Adapter, Version=10.0.0.0, Culture=neutral, PublicKeyToken=b03f5f7f11d50a3a" className="Map.AddPaperTests, Map, Version=1.0.0.0, Culture=neutral, PublicKeyToken=null" name="AddAuthorNullStringAuthor" />
    </UnitTest>
    <UnitTest name="AddAlphanumericAuthor" storage="f:\dropbox\map\map\bin\debug\map.dll" id="337dc798-7d3e-2e4d-9ce1-6ea363bf1ba8">
      <Execution id="e56b9bf9-baaf-4802-b1c4-71d30447b606" />
      <TestMethod codeBase="F:/Dropbox/Map/Map/bin/Debug/Map.DLL" adapterTypeName="Microsoft.VisualStudio.TestTools.TestTypes.Unit.UnitTestAdapter, Microsoft.VisualStudio.QualityTools.Tips.UnitTest.Adapter, Version=10.0.0.0, Culture=neutral, PublicKeyToken=b03f5f7f11d50a3a" className="Map.AddPaperTests, Map, Version=1.0.0.0, Culture=neutral, PublicKeyToken=null" name="AddAlphanumericAuthor" />
    </UnitTest>
    <UnitTest name="AddAlphanumericAbstract" storage="f:\dropbox\map\map\bin\debug\map.dll" id="37aec174-09d0-ad29-f0c0-2cc14c27bb7d">
      <Execution id="2df7e105-c977-406d-87af-f4ae1a1697f2" />
      <TestMethod codeBase="F:/Dropbox/Map/Map/bin/Debug/Map.DLL" adapterTypeName="Microsoft.VisualStudio.TestTools.TestTypes.Unit.UnitTestAdapter, Microsoft.VisualStudio.QualityTools.Tips.UnitTest.Adapter, Version=10.0.0.0, Culture=neutral, PublicKeyToken=b03f5f7f11d50a3a" className="Map.AddPaperTests, Map, Version=1.0.0.0, Culture=neutral, PublicKeyToken=null" name="AddAlphanumericAbstract" />
    </UnitTest>
    <UnitTest name="FindAllNumericalAuthor" storage="f:\dropbox\map\map\bin\debug\map.dll" id="9c148ebc-5ce5-69f8-94c2-a363b6b499cf">
      <Execution id="22596672-47cf-4d8c-89b7-9baf38679444" />
      <TestMethod codeBase="F:/Dropbox/Map/Map/bin/Debug/Map.DLL" adapterTypeName="Microsoft.VisualStudio.TestTools.TestTypes.Unit.UnitTestAdapter, Microsoft.VisualStudio.QualityTools.Tips.UnitTest.Adapter, Version=10.0.0.0, Culture=neutral, PublicKeyToken=b03f5f7f11d50a3a" className="Map.FindKeywordByAuthorTests, Map, Version=1.0.0.0, Culture=neutral, PublicKeyToken=null" name="FindAllNumericalAuthor" />
    </UnitTest>
    <UnitTest name="RemoveNormalUniqueKeyword" storage="f:\dropbox\map\map\bin\debug\map.dll" id="854266d0-8eb4-f021-1b4e-cabb7a37e4e9">
      <Execution id="90745180-2695-4842-a785-9f9b726616e9" />
      <TestMethod codeBase="F:/Dropbox/Map/Map/bin/Debug/Map.DLL" adapterTypeName="Microsoft.VisualStudio.TestTools.TestTypes.Unit.UnitTestAdapter, Microsoft.VisualStudio.QualityTools.Tips.UnitTest.Adapter, Version=10.0.0.0, Culture=neutral, PublicKeyToken=b03f5f7f11d50a3a" className="Map.AddKeywordTests, Map, Version=1.0.0.0, Culture=neutral, PublicKeyToken=null" name="RemoveNormalUniqueKeyword" />
    </UnitTest>
    <UnitTest name="SearchProblem_NullDatabase" storage="f:\dropbox\map\map\bin\debug\map.dll" id="b62d274e-24fb-61e6-6c74-6539a7114162">
      <Execution id="203b04fa-fa7d-4135-a98e-ad724557854b" />
      <TestMethod codeBase="F:/Dropbox/Map/Map/bin/Debug/Map.DLL" adapterTypeName="Microsoft.VisualStudio.TestTools.TestTypes.Unit.UnitTestAdapter, Microsoft.VisualStudio.QualityTools.Tips.UnitTest.Adapter, Version=10.0.0.0, Culture=neutral, PublicKeyToken=b03f5f7f11d50a3a" className="Map.SearchPapersWKeywordTests, Map, Version=1.0.0.0, Culture=neutral, PublicKeyToken=null" name="SearchProblem_NullDatabase" />
    </UnitTest>
    <UnitTest name="AddEmptyStringKeyword" storage="f:\dropbox\map\map\bin\debug\map.dll" id="a78f5112-68fe-7337-9015-2fd177eb0e6e">
      <Execution id="c749677d-e69b-4cbb-a61a-45be88a55b8b" />
      <TestMethod codeBase="F:/Dropbox/Map/Map/bin/Debug/Map.DLL" adapterTypeName="Microsoft.VisualStudio.TestTools.TestTypes.Unit.UnitTestAdapter, Microsoft.VisualStudio.QualityTools.Tips.UnitTest.Adapter, Version=10.0.0.0, Culture=neutral, PublicKeyToken=b03f5f7f11d50a3a" className="Map.AddKeywordTests, Map, Version=1.0.0.0, Culture=neutral, PublicKeyToken=null" name="AddEmptyStringKeyword" />
    </UnitTest>
    <UnitTest name="AddNullAbstract" storage="f:\dropbox\map\map\bin\debug\map.dll" id="5277dbba-7428-9a5c-2cb4-92e09a85fdd0">
      <Execution id="8f4d4f0e-781a-483a-b1ed-66c36b526a74" />
      <TestMethod codeBase="F:/Dropbox/Map/Map/bin/Debug/Map.DLL" adapterTypeName="Microsoft.VisualStudio.TestTools.TestTypes.Unit.UnitTestAdapter, Microsoft.VisualStudio.QualityTools.Tips.UnitTest.Adapter, Version=10.0.0.0, Culture=neutral, PublicKeyToken=b03f5f7f11d50a3a" className="Map.AddPaperTests, Map, Version=1.0.0.0, Culture=neutral, PublicKeyToken=null" name="AddNullAbstract" />
    </UnitTest>
    <UnitTest name="SpaceAuthor" storage="f:\dropbox\map\map\bin\debug\map.dll" id="7b94a73f-3b57-c3f4-7f9b-558acb4a87b2">
      <Execution id="6bb6340a-52f7-43fe-8ccf-07c464af775e" />
      <TestMethod codeBase="F:/Dropbox/Map/Map/bin/Debug/Map.DLL" adapterTypeName="Microsoft.VisualStudio.TestTools.TestTypes.Unit.UnitTestAdapter, Microsoft.VisualStudio.QualityTools.Tips.UnitTest.Adapter, Version=10.0.0.0, Culture=neutral, PublicKeyToken=b03f5f7f11d50a3a" className="Map.FindKeywordByAuthorTests, Map, Version=1.0.0.0, Culture=neutral, PublicKeyToken=null" name="SpaceAuthor" />
    </UnitTest>
    <UnitTest name="AddZeroYear" storage="f:\dropbox\map\map\bin\debug\map.dll" id="e6daca45-d31d-d05e-07d8-5d1d6e220219">
      <Execution id="178f9775-613b-482e-8187-89a5f511afd7" />
      <TestMethod codeBase="F:/Dropbox/Map/Map/bin/Debug/Map.DLL" adapterTypeName="Microsoft.VisualStudio.TestTools.TestTypes.Unit.UnitTestAdapter, Microsoft.VisualStudio.QualityTools.Tips.UnitTest.Adapter, Version=10.0.0.0, Culture=neutral, PublicKeyToken=b03f5f7f11d50a3a" className="Map.AddPaperTests, Map, Version=1.0.0.0, Culture=neutral, PublicKeyToken=null" name="AddZeroYear" />
    </UnitTest>
    <UnitTest name="AddNormalYear" storage="f:\dropbox\map\map\bin\debug\map.dll" id="6b363e6b-6289-e0ea-3146-de3ddc6b3d24">
      <Execution id="08c16996-39be-428a-b53b-4d881f601829" />
      <TestMethod codeBase="F:/Dropbox/Map/Map/bin/Debug/Map.DLL" adapterTypeName="Microsoft.VisualStudio.TestTools.TestTypes.Unit.UnitTestAdapter, Microsoft.VisualStudio.QualityTools.Tips.UnitTest.Adapter, Version=10.0.0.0, Culture=neutral, PublicKeyToken=b03f5f7f11d50a3a" className="Map.AddPaperTests, Map, Version=1.0.0.0, Culture=neutral, PublicKeyToken=null" name="AddNormalYear" />
    </UnitTest>
  </TestDefinitions>
  <TestLists>
    <TestList name="Results Not in a List" id="8c84fa94-04c1-424b-9868-57a2d4851a1d" />
    <TestList name="All Loaded Results" id="19431567-8539-422a-85d7-44ee4e166bda" />
  </TestLists>
  <TestEntries>
    <TestEntry testId="0dbc954f-88fa-593e-d914-26df3336519d" executionId="df085379-5ab2-43ef-b4f7-0fbe90458d28" testListId="8c84fa94-04c1-424b-9868-57a2d4851a1d" />
    <TestEntry testId="1d291408-4667-3a4b-5dfb-c1aebbcb6af6" executionId="598e73b2-c201-4e66-87ea-7c65f6975f66" testListId="8c84fa94-04c1-424b-9868-57a2d4851a1d" />
    <TestEntry testId="248afc99-486e-4088-6a24-ffcee580f3a7" executionId="a003fe23-76f8-4818-86dd-1aafcb0764fa" testListId="8c84fa94-04c1-424b-9868-57a2d4851a1d" />
    <TestEntry testId="25cf3559-68a7-4c93-4725-e571ad02e3e7" executionId="7c30ed72-3c57-4c3c-888f-70736410ec2f" testListId="8c84fa94-04c1-424b-9868-57a2d4851a1d" />
    <TestEntry testId="267a657e-ae23-c41f-c328-502483d45d28" executionId="d4a7d4dc-0639-4ede-bec4-cac9a6aa644e" testListId="8c84fa94-04c1-424b-9868-57a2d4851a1d" />
    <TestEntry testId="2f7e5ec9-b761-a5a2-2844-4c787d4cec40" executionId="31acb335-b142-4458-98af-43261ca396ab" testListId="8c84fa94-04c1-424b-9868-57a2d4851a1d" />
    <TestEntry testId="337dc798-7d3e-2e4d-9ce1-6ea363bf1ba8" executionId="e56b9bf9-baaf-4802-b1c4-71d30447b606" testListId="8c84fa94-04c1-424b-9868-57a2d4851a1d" />
    <TestEntry testId="37aec174-09d0-ad29-f0c0-2cc14c27bb7d" executionId="2df7e105-c977-406d-87af-f4ae1a1697f2" testListId="8c84fa94-04c1-424b-9868-57a2d4851a1d" />
    <TestEntry testId="392d1eb5-82bb-ac02-d5b1-27f1ba3ecee2" executionId="ba256de3-c73f-4312-9724-57fca44ca023" testListId="8c84fa94-04c1-424b-9868-57a2d4851a1d" />
    <TestEntry testId="3dd49a30-2146-1b41-47f1-c0568797f0ad" executionId="24700e7f-9234-4ab5-9993-52fb114a5db2" testListId="8c84fa94-04c1-424b-9868-57a2d4851a1d" />
    <TestEntry testId="401fd3f5-883b-6806-028c-ee2f9d46a707" executionId="593682bb-f5a2-43eb-92fd-647b0859a76a" testListId="8c84fa94-04c1-424b-9868-57a2d4851a1d" />
    <TestEntry testId="47c87be3-6997-cb09-ee47-e5831347fc33" executionId="bcf16b86-900f-401a-9211-b4b57890b258" testListId="8c84fa94-04c1-424b-9868-57a2d4851a1d" />
    <TestEntry testId="49657f0b-0389-ebf1-d8fe-4e4d913952c9" executionId="5ad0a617-213f-419e-8285-14cadbba8496" testListId="8c84fa94-04c1-424b-9868-57a2d4851a1d" />
    <TestEntry testId="4bea2438-3bd3-0aa0-a128-7c8e7bdf72c1" executionId="11d53428-50db-4ed8-96b6-3701ec7316dd" testListId="8c84fa94-04c1-424b-9868-57a2d4851a1d" />
    <TestEntry testId="4d7af9cf-d876-45d9-06be-1182d47cf877" executionId="4a7fa3cb-97d1-48c6-bebf-3502d931eba1" testListId="8c84fa94-04c1-424b-9868-57a2d4851a1d" />
    <TestEntry testId="4e1971b5-00e6-253b-0f9f-05a2c882e771" executionId="6a123166-497d-435e-8d18-33445ae93693" testListId="8c84fa94-04c1-424b-9868-57a2d4851a1d" />
    <TestEntry testId="5277dbba-7428-9a5c-2cb4-92e09a85fdd0" executionId="8f4d4f0e-781a-483a-b1ed-66c36b526a74" testListId="8c84fa94-04c1-424b-9868-57a2d4851a1d" />
    <TestEntry testId="68889c4c-4f61-56af-303c-fa6434c9be48" executionId="ff899f34-4f0f-40bb-8dec-0f0ac17d7282" testListId="8c84fa94-04c1-424b-9868-57a2d4851a1d" />
    <TestEntry testId="6a24927b-311e-5ec4-afa3-631f4f3ed64f" executionId="10f47419-a5e3-4d1f-a3f7-895bec199688" testListId="8c84fa94-04c1-424b-9868-57a2d4851a1d" />
    <TestEntry testId="6b363e6b-6289-e0ea-3146-de3ddc6b3d24" executionId="08c16996-39be-428a-b53b-4d881f601829" testListId="8c84fa94-04c1-424b-9868-57a2d4851a1d" />
    <TestEntry testId="748dc392-9274-c2c3-1136-a6594e65bcfb" executionId="46aefd79-4a1b-411d-8862-c5e98ed610c6" testListId="8c84fa94-04c1-424b-9868-57a2d4851a1d" />
    <TestEntry testId="78c22366-7126-37de-d3a3-f289174c28b4" executionId="8cd8b6b6-682a-4675-8be1-de0197873fa9" testListId="8c84fa94-04c1-424b-9868-57a2d4851a1d" />
    <TestEntry testId="78f4d1d3-be89-6485-aaa1-6c2e5551717a" executionId="c74d2885-71f5-460f-91f4-bd2c35e4e18a" testListId="8c84fa94-04c1-424b-9868-57a2d4851a1d" />
    <TestEntry testId="7b3bd826-2935-d997-c1b7-02ca9a4a707a" executionId="b4026133-1603-4550-a929-e9f52a641a20" testListId="8c84fa94-04c1-424b-9868-57a2d4851a1d" />
    <TestEntry testId="7b94a73f-3b57-c3f4-7f9b-558acb4a87b2" executionId="6bb6340a-52f7-43fe-8ccf-07c464af775e" testListId="8c84fa94-04c1-424b-9868-57a2d4851a1d" />
    <TestEntry testId="7f1db94b-22b0-30cf-3893-fa8638658470" executionId="474a6596-173b-462b-a373-c1549332f034" testListId="8c84fa94-04c1-424b-9868-57a2d4851a1d" />
    <TestEntry testId="854266d0-8eb4-f021-1b4e-cabb7a37e4e9" executionId="90745180-2695-4842-a785-9f9b726616e9" testListId="8c84fa94-04c1-424b-9868-57a2d4851a1d" />
    <TestEntry testId="8953ab0f-d9d6-7dc3-9fc6-6ca918d9894b" executionId="b47d723b-9ff8-4517-a969-66ed0064b63b" testListId="8c84fa94-04c1-424b-9868-57a2d4851a1d" />
    <TestEntry testId="9834602e-83df-a9b9-5975-c498962fa4b4" executionId="d4d1fef5-2360-49b9-a4c6-1abbc6d771a6" testListId="8c84fa94-04c1-424b-9868-57a2d4851a1d" />
    <TestEntry testId="9c148ebc-5ce5-69f8-94c2-a363b6b499cf" executionId="22596672-47cf-4d8c-89b7-9baf38679444" testListId="8c84fa94-04c1-424b-9868-57a2d4851a1d" />
    <TestEntry testId="a33351ea-6262-62cb-6e29-5d799198865f" executionId="87a30cca-d6db-41a6-ab9d-5e1a5b8e1fe5" testListId="8c84fa94-04c1-424b-9868-57a2d4851a1d" />
    <TestEntry testId="a3da25ba-3dfd-42b7-2d2b-f031c0bacd59" executionId="eb45e3c9-1732-4965-83bd-ec269d6eab1b" testListId="8c84fa94-04c1-424b-9868-57a2d4851a1d" />
    <TestEntry testId="a629a122-196f-9169-0a2e-782ce464b595" executionId="6f88c66e-59fc-4a83-b250-3cf896880121" testListId="8c84fa94-04c1-424b-9868-57a2d4851a1d" />
    <TestEntry testId="a78f5112-68fe-7337-9015-2fd177eb0e6e" executionId="c749677d-e69b-4cbb-a61a-45be88a55b8b" testListId="8c84fa94-04c1-424b-9868-57a2d4851a1d" />
    <TestEntry testId="af484430-6570-c227-4a07-935cbbb409db" executionId="f4d25eb8-bf10-4a3d-8ee9-d98d6e29555c" testListId="8c84fa94-04c1-424b-9868-57a2d4851a1d" />
    <TestEntry testId="b62d274e-24fb-61e6-6c74-6539a7114162" executionId="203b04fa-fa7d-4135-a98e-ad724557854b" testListId="8c84fa94-04c1-424b-9868-57a2d4851a1d" />
    <TestEntry testId="bb18676d-377c-a4ae-690a-6c4a8f00aa46" executionId="16b4ac5f-1819-4026-97af-2a71b4225c9e" testListId="8c84fa94-04c1-424b-9868-57a2d4851a1d" />
    <TestEntry testId="c06afa71-2f07-770f-d397-6497f0861191" executionId="43e48cc2-7c54-4b6b-af5d-60bd4ce2822d" testListId="8c84fa94-04c1-424b-9868-57a2d4851a1d" />
    <TestEntry testId="c61b5fbd-1990-718e-6b92-82f56b46c76a" executionId="e0a04188-50e0-4f44-826c-a0152af9a218" testListId="8c84fa94-04c1-424b-9868-57a2d4851a1d" />
    <TestEntry testId="cf1bd0a7-ba2a-cfcf-0db4-f40cc25e59f3" executionId="11d220dd-e9a1-4beb-a138-4d163fe7b908" testListId="8c84fa94-04c1-424b-9868-57a2d4851a1d" />
    <TestEntry testId="de8c182f-b223-ca86-caf8-d808945a3a91" executionId="8827d1da-4645-444c-b0c3-6e42dd9d47d2" testListId="8c84fa94-04c1-424b-9868-57a2d4851a1d" />
    <TestEntry testId="e6daca45-d31d-d05e-07d8-5d1d6e220219" executionId="178f9775-613b-482e-8187-89a5f511afd7" testListId="8c84fa94-04c1-424b-9868-57a2d4851a1d" />
    <TestEntry testId="ebe59462-0919-d773-41c7-20b1f87e0c62" executionId="d0b539e6-1777-4b26-9134-f616ab1bcd67" testListId="8c84fa94-04c1-424b-9868-57a2d4851a1d" />
    <TestEntry testId="f88b0f97-6095-93ab-4570-ffad36b75fd0" executionId="e814ce3d-fd93-4edc-bdf6-45833a94bd44" testListId="8c84fa94-04c1-424b-9868-57a2d4851a1d" />
  </TestEntries>
  <Results>
    <UnitTestResult executionId="df085379-5ab2-43ef-b4f7-0fbe90458d28" testId="0dbc954f-88fa-593e-d914-26df3336519d" testName="AddNormalTitle" computerName="HOWAIYUNG-PC" duration="00:00:00.0211533" startTime="2012-11-02T15:25:54.4695300-06:00" endTime="2012-11-02T15:25:54.6595409-06:00" testType="13cdc9d9-ddb5-4fa4-a97d-d965ccfc6d4b" outcome="Failed" testListId="8c84fa94-04c1-424b-9868-57a2d4851a1d" relativeResultsDirectory="df085379-5ab2-43ef-b4f7-0fbe90458d28">
      <Output>
        <ErrorInfo>
          <Message>Test method Map.AddPaperTests.AddNormalTitle threw exception: 
System.NotImplementedException: The method or operation is not implemented.</Message>
          <StackTrace>    at Map.Paper.setTitle(String expectedtitle) in F:\Dropbox\Map\Map\Paper.cs:line 27
   at Map.AddPaperTests.AddNormalTitle() in F:\Dropbox\Map\Map\AddPaperTests.cs:line 18
</StackTrace>
        </ErrorInfo>
      </Output>
    </UnitTestResult>
    <UnitTestResult executionId="598e73b2-c201-4e66-87ea-7c65f6975f66" testId="1d291408-4667-3a4b-5dfb-c1aebbcb6af6" testName="AddNumericalAbstract" computerName="HOWAIYUNG-PC" duration="00:00:00.0012342" startTime="2012-11-02T15:25:54.6615410-06:00" endTime="2012-11-02T15:25:54.6655412-06:00" testType="13cdc9d9-ddb5-4fa4-a97d-d965ccfc6d4b" outcome="Failed" testListId="8c84fa94-04c1-424b-9868-57a2d4851a1d" relativeResultsDirectory="598e73b2-c201-4e66-87ea-7c65f6975f66">
      <Output>
        <ErrorInfo>
          <Message>Test method Map.AddPaperTests.AddNumericalAbstract threw exception: 
System.NotImplementedException: The method or operation is not implemented.</Message>
          <StackTrace>    at Map.Paper.setAbstract(String expectedabstract) in F:\Dropbox\Map\Map\Paper.cs:line 42
   at Map.AddPaperTests.AddNumericalAbstract() in F:\Dropbox\Map\Map\AddPaperTests.cs:line 205
</StackTrace>
        </ErrorInfo>
      </Output>
    </UnitTestResult>
    <UnitTestResult executionId="a003fe23-76f8-4818-86dd-1aafcb0764fa" testId="248afc99-486e-4088-6a24-ffcee580f3a7" testName="AddNullStringKeyword" computerName="HOWAIYUNG-PC" duration="00:00:00.0018464" startTime="2012-11-02T15:25:54.6675413-06:00" endTime="2012-11-02T15:25:54.6725416-06:00" testType="13cdc9d9-ddb5-4fa4-a97d-d965ccfc6d4b" outcome="Failed" testListId="8c84fa94-04c1-424b-9868-57a2d4851a1d" relativeResultsDirectory="a003fe23-76f8-4818-86dd-1aafcb0764fa">
      <Output>
        <ErrorInfo>
          <Message>Test method Map.AddKeywordTests.AddNullStringKeyword threw exception System.NotImplementedException, but exception System.ArgumentException was expected. Exception message: System.NotImplementedException: The method or operation is not implemented.</Message>
          <StackTrace>    at Map.Paper.addKeyword(String p) in F:\Dropbox\Map\Map\Paper.cs:line 12
   at Map.AddKeywordTests.AddNullStringKeyword() in F:\Dropbox\Map\Map\AddKeywordTests.cs:line 102
</StackTrace>
        </ErrorInfo>
      </Output>
    </UnitTestResult>
    <UnitTestResult executionId="7c30ed72-3c57-4c3c-888f-70736410ec2f" testId="25cf3559-68a7-4c93-4725-e571ad02e3e7" testName="SearchNormal_ExistingKeyword_SinglePaper" computerName="HOWAIYUNG-PC" duration="00:00:00.0015300" startTime="2012-11-02T15:25:54.6745417-06:00" endTime="2012-11-02T15:25:54.6795420-06:00" testType="13cdc9d9-ddb5-4fa4-a97d-d965ccfc6d4b" outcome="Failed" testListId="8c84fa94-04c1-424b-9868-57a2d4851a1d" relativeResultsDirectory="7c30ed72-3c57-4c3c-888f-70736410ec2f">
      <Output>
        <ErrorInfo>
          <Message>Test method Map.SearchPapersWKeywordTests.SearchNormal_ExistingKeyword_SinglePaper threw exception: 
System.NotImplementedException: The method or operation is not implemented.</Message>
          <StackTrace>    at Map.Paper.addKeyword(String p) in F:\Dropbox\Map\Map\Paper.cs:line 12
   at Map.SearchPapersWKeywordTests.SearchNormal_ExistingKeyword_SinglePaper() in F:\Dropbox\Map\Map\SearchPapersWKeywordTests.cs:line 20
</StackTrace>
        </ErrorInfo>
      </Output>
    </UnitTestResult>
    <UnitTestResult executionId="d4a7d4dc-0639-4ede-bec4-cac9a6aa644e" testId="267a657e-ae23-c41f-c328-502483d45d28" testName="AddNullStringTitle" computerName="HOWAIYUNG-PC" duration="00:00:00.0014131" startTime="2012-11-02T15:25:54.6805421-06:00" endTime="2012-11-02T15:25:54.6855424-06:00" testType="13cdc9d9-ddb5-4fa4-a97d-d965ccfc6d4b" outcome="Failed" testListId="8c84fa94-04c1-424b-9868-57a2d4851a1d" relativeResultsDirectory="d4a7d4dc-0639-4ede-bec4-cac9a6aa644e">
      <Output>
        <ErrorInfo>
          <Message>Test method Map.AddPaperTests.AddNullStringTitle threw exception System.NotImplementedException, but exception System.ArgumentException was expected. Exception message: System.NotImplementedException: The method or operation is not implemented.</Message>
          <StackTrace>    at Map.Paper.setTitle(String expectedtitle) in F:\Dropbox\Map\Map\Paper.cs:line 27
   at Map.AddPaperTests.AddNullStringTitle() in F:\Dropbox\Map\Map\AddPaperTests.cs:line 61
</StackTrace>
        </ErrorInfo>
      </Output>
    </UnitTestResult>
    <UnitTestResult executionId="31acb335-b142-4458-98af-43261ca396ab" testId="2f7e5ec9-b761-a5a2-2844-4c787d4cec40" testName="AddNormalAuthor" computerName="HOWAIYUNG-PC" duration="00:00:00.0013194" startTime="2012-11-02T15:25:54.6875425-06:00" endTime="2012-11-02T15:25:54.6915427-06:00" testType="13cdc9d9-ddb5-4fa4-a97d-d965ccfc6d4b" outcome="Failed" testListId="8c84fa94-04c1-424b-9868-57a2d4851a1d" relativeResultsDirectory="31acb335-b142-4458-98af-43261ca396ab">
      <Output>
        <ErrorInfo>
          <Message>Test method Map.AddPaperTests.AddNormalAuthor threw exception: 
System.NotImplementedException: The method or operation is not implemented.</Message>
          <StackTrace>    at Map.Paper.setAuthor(String expectedauthor) in F:\Dropbox\Map\Map\Paper.cs:line 32
   at Map.AddPaperTests.AddNormalAuthor() in F:\Dropbox\Map\Map\AddPaperTests.cs:line 72
</StackTrace>
        </ErrorInfo>
      </Output>
    </UnitTestResult>
    <UnitTestResult executionId="e56b9bf9-baaf-4802-b1c4-71d30447b606" testId="337dc798-7d3e-2e4d-9ce1-6ea363bf1ba8" testName="AddAlphanumericAuthor" computerName="HOWAIYUNG-PC" duration="00:00:00.0014127" startTime="2012-11-02T15:25:54.6935428-06:00" endTime="2012-11-02T15:25:54.6975430-06:00" testType="13cdc9d9-ddb5-4fa4-a97d-d965ccfc6d4b" outcome="Failed" testListId="8c84fa94-04c1-424b-9868-57a2d4851a1d" relativeResultsDirectory="e56b9bf9-baaf-4802-b1c4-71d30447b606">
      <Output>
        <ErrorInfo>
          <Message>Test method Map.AddPaperTests.AddAlphanumericAuthor threw exception: 
System.NotImplementedException: The method or operation is not implemented.</Message>
          <StackTrace>    at Map.Paper.setAuthor(String expectedauthor) in F:\Dropbox\Map\Map\Paper.cs:line 32
   at Map.AddPaperTests.AddAlphanumericAuthor() in F:\Dropbox\Map\Map\AddPaperTests.cs:line 82
</StackTrace>
        </ErrorInfo>
      </Output>
    </UnitTestResult>
    <UnitTestResult executionId="2df7e105-c977-406d-87af-f4ae1a1697f2" testId="37aec174-09d0-ad29-f0c0-2cc14c27bb7d" testName="AddAlphanumericAbstract" computerName="HOWAIYUNG-PC" duration="00:00:00.0011659" startTime="2012-11-02T15:25:54.6995432-06:00" endTime="2012-11-02T15:25:54.7035434-06:00" testType="13cdc9d9-ddb5-4fa4-a97d-d965ccfc6d4b" outcome="Failed" testListId="8c84fa94-04c1-424b-9868-57a2d4851a1d" relativeResultsDirectory="2df7e105-c977-406d-87af-f4ae1a1697f2">
      <Output>
        <ErrorInfo>
          <Message>Test method Map.AddPaperTests.AddAlphanumericAbstract threw exception: 
System.NotImplementedException: The method or operation is not implemented.</Message>
          <StackTrace>    at Map.Paper.setAbstract(String expectedabstract) in F:\Dropbox\Map\Map\Paper.cs:line 42
   at Map.AddPaperTests.AddAlphanumericAbstract() in F:\Dropbox\Map\Map\AddPaperTests.cs:line 184
</StackTrace>
        </ErrorInfo>
      </Output>
    </UnitTestResult>
    <UnitTestResult executionId="ba256de3-c73f-4312-9724-57fca44ca023" testId="392d1eb5-82bb-ac02-d5b1-27f1ba3ecee2" testName="AddAuthorNullStringAuthor" computerName="HOWAIYUNG-PC" duration="00:00:00.0011847" startTime="2012-11-02T15:25:54.7055435-06:00" endTime="2012-11-02T15:25:54.7095437-06:00" testType="13cdc9d9-ddb5-4fa4-a97d-d965ccfc6d4b" outcome="Failed" testListId="8c84fa94-04c1-424b-9868-57a2d4851a1d" relativeResultsDirectory="ba256de3-c73f-4312-9724-57fca44ca023">
      <Output>
        <ErrorInfo>
          <Message>Test method Map.AddPaperTests.AddAuthorNullStringAuthor threw exception System.NotImplementedException, but exception System.ArgumentException was expected. Exception message: System.NotImplementedException: The method or operation is not implemented.</Message>
          <StackTrace>    at Map.Paper.setAuthor(String expectedauthor) in F:\Dropbox\Map\Map\Paper.cs:line 32
   at Map.AddPaperTests.AddAuthorNullStringAuthor() in F:\Dropbox\Map\Map\AddPaperTests.cs:line 116
</StackTrace>
        </ErrorInfo>
      </Output>
    </UnitTestResult>
    <UnitTestResult executionId="24700e7f-9234-4ab5-9993-52fb114a5db2" testId="3dd49a30-2146-1b41-47f1-c0568797f0ad" testName="AddEmptyStringAuthor" computerName="HOWAIYUNG-PC" duration="00:00:00.0011905" startTime="2012-11-02T15:25:54.7115438-06:00" endTime="2012-11-02T15:25:54.7155441-06:00" testType="13cdc9d9-ddb5-4fa4-a97d-d965ccfc6d4b" outcome="Failed" testListId="8c84fa94-04c1-424b-9868-57a2d4851a1d" relativeResultsDirectory="24700e7f-9234-4ab5-9993-52fb114a5db2">
      <Output>
        <ErrorInfo>
          <Message>Test method Map.AddPaperTests.AddEmptyStringAuthor threw exception System.NotImplementedException, but exception System.ArgumentException was expected. Exception message: System.NotImplementedException: The method or operation is not implemented.</Message>
          <StackTrace>    at Map.Paper.setAuthor(String expectedauthor) in F:\Dropbox\Map\Map\Paper.cs:line 32
   at Map.AddPaperTests.AddEmptyStringAuthor() in F:\Dropbox\Map\Map\AddPaperTests.cs:line 94
</StackTrace>
        </ErrorInfo>
      </Output>
    </UnitTestResult>
    <UnitTestResult executionId="593682bb-f5a2-43eb-92fd-647b0859a76a" testId="401fd3f5-883b-6806-028c-ee2f9d46a707" testName="FindPartialUnicodeAuthor" computerName="HOWAIYUNG-PC" duration="00:00:00.0017206" startTime="2012-11-02T15:25:54.7165441-06:00" endTime="2012-11-02T15:25:54.7215444-06:00" testType="13cdc9d9-ddb5-4fa4-a97d-d965ccfc6d4b" outcome="Failed" testListId="8c84fa94-04c1-424b-9868-57a2d4851a1d" relativeResultsDirectory="593682bb-f5a2-43eb-92fd-647b0859a76a">
      <Output>
        <ErrorInfo>
          <Message>Test method Map.FindKeywordByAuthorTests.FindPartialUnicodeAuthor threw exception: 
System.NullReferenceException: Object reference not set to an instance of an object.</Message>
          <StackTrace>    at Map.Author..ctor(String existingAuthor) in F:\Dropbox\Map\Map\Author.cs:line 15
   at Map.FindKeywordByAuthorTests.FindPartialUnicodeAuthor() in F:\Dropbox\Map\Map\FindKeywordByAuthorTests.cs:line 87
</StackTrace>
        </ErrorInfo>
      </Output>
    </UnitTestResult>
    <UnitTestResult executionId="bcf16b86-900f-401a-9211-b4b57890b258" testId="47c87be3-6997-cb09-ee47-e5831347fc33" testName="emptyAuthor" computerName="HOWAIYUNG-PC" duration="00:00:00.0011597" startTime="2012-11-02T15:25:54.7235445-06:00" endTime="2012-11-02T15:25:54.7275448-06:00" testType="13cdc9d9-ddb5-4fa4-a97d-d965ccfc6d4b" outcome="Failed" testListId="8c84fa94-04c1-424b-9868-57a2d4851a1d" relativeResultsDirectory="bcf16b86-900f-401a-9211-b4b57890b258">
      <Output>
        <ErrorInfo>
          <Message>Test method Map.FindKeywordByAuthorTests.emptyAuthor threw exception System.NullReferenceException, but exception System.ArgumentException was expected. Exception message: System.NullReferenceException: Object reference not set to an instance of an object.</Message>
          <StackTrace>    at Map.Author..ctor(String existingAuthor) in F:\Dropbox\Map\Map\Author.cs:line 15
   at Map.FindKeywordByAuthorTests.emptyAuthor() in F:\Dropbox\Map\Map\FindKeywordByAuthorTests.cs:line 199
</StackTrace>
        </ErrorInfo>
      </Output>
    </UnitTestResult>
    <UnitTestResult executionId="5ad0a617-213f-419e-8285-14cadbba8496" testId="49657f0b-0389-ebf1-d8fe-4e4d913952c9" testName="SearchProblem_EmptyKeywordGiven" computerName="HOWAIYUNG-PC" duration="00:00:00.0014408" startTime="2012-11-02T15:25:54.7285448-06:00" endTime="2012-11-02T15:25:54.7335451-06:00" testType="13cdc9d9-ddb5-4fa4-a97d-d965ccfc6d4b" outcome="Failed" testListId="8c84fa94-04c1-424b-9868-57a2d4851a1d" relativeResultsDirectory="5ad0a617-213f-419e-8285-14cadbba8496">
      <Output>
        <ErrorInfo>
          <Message>Test method Map.SearchPapersWKeywordTests.SearchProblem_EmptyKeywordGiven threw exception: 
System.NotImplementedException: The method or operation is not implemented.</Message>
          <StackTrace>    at Map.Paper.addKeyword(String p) in F:\Dropbox\Map\Map\Paper.cs:line 12
   at Map.SearchPapersWKeywordTests.SearchProblem_EmptyKeywordGiven() in F:\Dropbox\Map\Map\SearchPapersWKeywordTests.cs:line 111
</StackTrace>
        </ErrorInfo>
      </Output>
    </UnitTestResult>
    <UnitTestResult executionId="11d53428-50db-4ed8-96b6-3701ec7316dd" testId="4bea2438-3bd3-0aa0-a128-7c8e7bdf72c1" testName="AddNormalAbstract" computerName="HOWAIYUNG-PC" duration="00:00:00.0012560" startTime="2012-11-02T15:25:54.7355452-06:00" endTime="2012-11-02T15:25:54.7395454-06:00" testType="13cdc9d9-ddb5-4fa4-a97d-d965ccfc6d4b" outcome="Failed" testListId="8c84fa94-04c1-424b-9868-57a2d4851a1d" relativeResultsDirectory="11d53428-50db-4ed8-96b6-3701ec7316dd">
      <Output>
        <ErrorInfo>
          <Message>Test method Map.AddPaperTests.AddNormalAbstract threw exception: 
System.NotImplementedException: The method or operation is not implemented.</Message>
          <StackTrace>    at Map.Paper.setAbstract(String expectedabstract) in F:\Dropbox\Map\Map\Paper.cs:line 42
   at Map.AddPaperTests.AddNormalAbstract() in F:\Dropbox\Map\Map\AddPaperTests.cs:line 174
</StackTrace>
        </ErrorInfo>
      </Output>
    </UnitTestResult>
    <UnitTestResult executionId="4a7fa3cb-97d1-48c6-bebf-3502d931eba1" testId="4d7af9cf-d876-45d9-06be-1182d47cf877" testName="AddNegativeYear" computerName="HOWAIYUNG-PC" duration="00:00:00.0012592" startTime="2012-11-02T15:25:54.7415456-06:00" endTime="2012-11-02T15:25:54.7455458-06:00" testType="13cdc9d9-ddb5-4fa4-a97d-d965ccfc6d4b" outcome="Failed" testListId="8c84fa94-04c1-424b-9868-57a2d4851a1d" relativeResultsDirectory="4a7fa3cb-97d1-48c6-bebf-3502d931eba1">
      <Output>
        <ErrorInfo>
          <Message>Test method Map.AddPaperTests.AddNegativeYear threw exception System.NotImplementedException, but exception System.ArgumentException was expected. Exception message: System.NotImplementedException: The method or operation is not implemented.</Message>
          <StackTrace>    at Map.Paper.setYear(Int32 expectedyear) in F:\Dropbox\Map\Map\Paper.cs:line 37
   at Map.AddPaperTests.AddNegativeYear() in F:\Dropbox\Map\Map\AddPaperTests.cs:line 138
</StackTrace>
        </ErrorInfo>
      </Output>
    </UnitTestResult>
    <UnitTestResult executionId="6a123166-497d-435e-8d18-33445ae93693" testId="4e1971b5-00e6-253b-0f9f-05a2c882e771" testName="AddEmptyStringAbstract" computerName="HOWAIYUNG-PC" duration="00:00:00.0011793" startTime="2012-11-02T15:25:54.7465458-06:00" endTime="2012-11-02T15:25:54.7515461-06:00" testType="13cdc9d9-ddb5-4fa4-a97d-d965ccfc6d4b" outcome="Failed" testListId="8c84fa94-04c1-424b-9868-57a2d4851a1d" relativeResultsDirectory="6a123166-497d-435e-8d18-33445ae93693">
      <Output>
        <ErrorInfo>
          <Message>Test method Map.AddPaperTests.AddEmptyStringAbstract threw exception System.NotImplementedException, but exception System.ArgumentException was expected. Exception message: System.NotImplementedException: The method or operation is not implemented.</Message>
          <StackTrace>    at Map.Paper.setAbstract(String expectedabstract) in F:\Dropbox\Map\Map\Paper.cs:line 42
   at Map.AddPaperTests.AddEmptyStringAbstract() in F:\Dropbox\Map\Map\AddPaperTests.cs:line 195
</StackTrace>
        </ErrorInfo>
      </Output>
    </UnitTestResult>
    <UnitTestResult executionId="8f4d4f0e-781a-483a-b1ed-66c36b526a74" testId="5277dbba-7428-9a5c-2cb4-92e09a85fdd0" testName="AddNullAbstract" computerName="HOWAIYUNG-PC" duration="00:00:00.0015028" startTime="2012-11-02T15:25:54.7535462-06:00" endTime="2012-11-02T15:25:54.7575465-06:00" testType="13cdc9d9-ddb5-4fa4-a97d-d965ccfc6d4b" outcome="Failed" testListId="8c84fa94-04c1-424b-9868-57a2d4851a1d" relativeResultsDirectory="8f4d4f0e-781a-483a-b1ed-66c36b526a74">
      <Output>
        <ErrorInfo>
          <Message>Test method Map.AddPaperTests.AddNullAbstract threw exception System.NotImplementedException, but exception System.ArgumentException was expected. Exception message: System.NotImplementedException: The method or operation is not implemented.</Message>
          <StackTrace>    at Map.Paper.setAbstract(String expectedabstract) in F:\Dropbox\Map\Map\Paper.cs:line 42
   at Map.AddPaperTests.AddNullAbstract() in F:\Dropbox\Map\Map\AddPaperTests.cs:line 216
</StackTrace>
        </ErrorInfo>
      </Output>
    </UnitTestResult>
    <UnitTestResult executionId="ff899f34-4f0f-40bb-8dec-0f0ac17d7282" testId="68889c4c-4f61-56af-303c-fa6434c9be48" testName="AddAlphanumericUniqueKeyword" computerName="HOWAIYUNG-PC" duration="00:00:00.0014153" startTime="2012-11-02T15:25:54.7595466-06:00" endTime="2012-11-02T15:25:54.7635468-06:00" testType="13cdc9d9-ddb5-4fa4-a97d-d965ccfc6d4b" outcome="Failed" testListId="8c84fa94-04c1-424b-9868-57a2d4851a1d" relativeResultsDirectory="ff899f34-4f0f-40bb-8dec-0f0ac17d7282">
      <Output>
        <ErrorInfo>
          <Message>Test method Map.AddKeywordTests.AddAlphanumericUniqueKeyword threw exception: 
System.NotImplementedException: The method or operation is not implemented.</Message>
          <StackTrace>    at Map.Paper.addKeyword(String p) in F:\Dropbox\Map\Map\Paper.cs:line 12
   at Map.AddKeywordTests.AddAlphanumericUniqueKeyword() in F:\Dropbox\Map\Map\AddKeywordTests.cs:line 38
</StackTrace>
        </ErrorInfo>
      </Output>
    </UnitTestResult>
    <UnitTestResult executionId="10f47419-a5e3-4d1f-a3f7-895bec199688" testId="6a24927b-311e-5ec4-afa3-631f4f3ed64f" testName="AddAlphanumericTitle" computerName="HOWAIYUNG-PC" duration="00:00:00.0011780" startTime="2012-11-02T15:25:54.7655469-06:00" endTime="2012-11-02T15:25:54.7695472-06:00" testType="13cdc9d9-ddb5-4fa4-a97d-d965ccfc6d4b" outcome="Failed" testListId="8c84fa94-04c1-424b-9868-57a2d4851a1d" relativeResultsDirectory="10f47419-a5e3-4d1f-a3f7-895bec199688">
      <Output>
        <ErrorInfo>
          <Message>Test method Map.AddPaperTests.AddAlphanumericTitle threw exception: 
System.NotImplementedException: The method or operation is not implemented.</Message>
          <StackTrace>    at Map.Paper.setTitle(String expectedtitle) in F:\Dropbox\Map\Map\Paper.cs:line 27
   at Map.AddPaperTests.AddAlphanumericTitle() in F:\Dropbox\Map\Map\AddPaperTests.cs:line 28
</StackTrace>
        </ErrorInfo>
      </Output>
    </UnitTestResult>
    <UnitTestResult executionId="08c16996-39be-428a-b53b-4d881f601829" testId="6b363e6b-6289-e0ea-3146-de3ddc6b3d24" testName="AddNormalYear" computerName="HOWAIYUNG-PC" duration="00:00:00.0013747" startTime="2012-11-02T15:25:54.7705472-06:00" endTime="2012-11-02T15:25:54.7755475-06:00" testType="13cdc9d9-ddb5-4fa4-a97d-d965ccfc6d4b" outcome="Failed" testListId="8c84fa94-04c1-424b-9868-57a2d4851a1d" relativeResultsDirectory="08c16996-39be-428a-b53b-4d881f601829">
      <Output>
        <ErrorInfo>
          <Message>Test method Map.AddPaperTests.AddNormalYear threw exception: 
System.NotImplementedException: The method or operation is not implemented.</Message>
          <StackTrace>    at Map.Paper.setYear(Int32 expectedyear) in F:\Dropbox\Map\Map\Paper.cs:line 37
   at Map.AddPaperTests.AddNormalYear() in F:\Dropbox\Map\Map\AddPaperTests.cs:line 127
</StackTrace>
        </ErrorInfo>
      </Output>
    </UnitTestResult>
    <UnitTestResult executionId="46aefd79-4a1b-411d-8862-c5e98ed610c6" testId="748dc392-9274-c2c3-1136-a6594e65bcfb" testName="FindNonExistingAuthor" computerName="HOWAIYUNG-PC" duration="00:00:00.0006554" startTime="2012-11-02T15:25:54.7775476-06:00" endTime="2012-11-02T15:25:54.7815479-06:00" testType="13cdc9d9-ddb5-4fa4-a97d-d965ccfc6d4b" outcome="Passed" testListId="8c84fa94-04c1-424b-9868-57a2d4851a1d" relativeResultsDirectory="46aefd79-4a1b-411d-8862-c5e98ed610c6">
    </UnitTestResult>
    <UnitTestResult executionId="8cd8b6b6-682a-4675-8be1-de0197873fa9" testId="78c22366-7126-37de-d3a3-f289174c28b4" testName="SearchNormal_ExistingKeyword_MultiplePapers" computerName="HOWAIYUNG-PC" duration="00:00:00.0013506" startTime="2012-11-02T15:25:54.7825479-06:00" endTime="2012-11-02T15:25:54.7875482-06:00" testType="13cdc9d9-ddb5-4fa4-a97d-d965ccfc6d4b" outcome="Failed" testListId="8c84fa94-04c1-424b-9868-57a2d4851a1d" relativeResultsDirectory="8cd8b6b6-682a-4675-8be1-de0197873fa9">
      <Output>
        <ErrorInfo>
          <Message>Test method Map.SearchPapersWKeywordTests.SearchNormal_ExistingKeyword_MultiplePapers threw exception: 
System.NotImplementedException: The method or operation is not implemented.</Message>
          <StackTrace>    at Map.Paper.addKeyword(String p) in F:\Dropbox\Map\Map\Paper.cs:line 12
   at Map.SearchPapersWKeywordTests.SearchNormal_ExistingKeyword_MultiplePapers() in F:\Dropbox\Map\Map\SearchPapersWKeywordTests.cs:line 69
</StackTrace>
        </ErrorInfo>
      </Output>
    </UnitTestResult>
    <UnitTestResult executionId="c74d2885-71f5-460f-91f4-bd2c35e4e18a" testId="78f4d1d3-be89-6485-aaa1-6c2e5551717a" testName="AddAuthorNumericalAuthor" computerName="HOWAIYUNG-PC" duration="00:00:00.0012186" startTime="2012-11-02T15:25:54.7885483-06:00" endTime="2012-11-02T15:25:54.7935485-06:00" testType="13cdc9d9-ddb5-4fa4-a97d-d965ccfc6d4b" outcome="Failed" testListId="8c84fa94-04c1-424b-9868-57a2d4851a1d" relativeResultsDirectory="c74d2885-71f5-460f-91f4-bd2c35e4e18a">
      <Output>
        <ErrorInfo>
          <Message>Test method Map.AddPaperTests.AddAuthorNumericalAuthor threw exception System.NotImplementedException, but exception System.ArgumentException was expected. Exception message: System.NotImplementedException: The method or operation is not implemented.</Message>
          <StackTrace>    at Map.Paper.setAuthor(String expectedauthor) in F:\Dropbox\Map\Map\Paper.cs:line 32
   at Map.AddPaperTests.AddAuthorNumericalAuthor() in F:\Dropbox\Map\Map\AddPaperTests.cs:line 105
</StackTrace>
        </ErrorInfo>
      </Output>
    </UnitTestResult>
    <UnitTestResult executionId="b4026133-1603-4550-a929-e9f52a641a20" testId="7b3bd826-2935-d997-c1b7-02ca9a4a707a" testName="NullAuthor" computerName="HOWAIYUNG-PC" duration="00:00:00.0004015" startTime="2012-11-02T15:25:54.7945486-06:00" endTime="2012-11-02T15:25:54.7985488-06:00" testType="13cdc9d9-ddb5-4fa4-a97d-d965ccfc6d4b" outcome="Passed" testListId="8c84fa94-04c1-424b-9868-57a2d4851a1d" relativeResultsDirectory="b4026133-1603-4550-a929-e9f52a641a20">
    </UnitTestResult>
    <UnitTestResult executionId="6bb6340a-52f7-43fe-8ccf-07c464af775e" testId="7b94a73f-3b57-c3f4-7f9b-558acb4a87b2" testName="SpaceAuthor" computerName="HOWAIYUNG-PC" duration="00:00:00.0011057" startTime="2012-11-02T15:25:54.7995489-06:00" endTime="2012-11-02T15:25:54.8045492-06:00" testType="13cdc9d9-ddb5-4fa4-a97d-d965ccfc6d4b" outcome="Failed" testListId="8c84fa94-04c1-424b-9868-57a2d4851a1d" relativeResultsDirectory="6bb6340a-52f7-43fe-8ccf-07c464af775e">
      <Output>
        <ErrorInfo>
          <Message>Test method Map.FindKeywordByAuthorTests.SpaceAuthor threw exception System.NullReferenceException, but exception System.ArgumentException was expected. Exception message: System.NullReferenceException: Object reference not set to an instance of an object.</Message>
          <StackTrace>    at Map.Author..ctor(String existingAuthor) in F:\Dropbox\Map\Map\Author.cs:line 15
   at Map.FindKeywordByAuthorTests.SpaceAuthor() in F:\Dropbox\Map\Map\FindKeywordByAuthorTests.cs:line 181
</StackTrace>
        </ErrorInfo>
      </Output>
    </UnitTestResult>
    <UnitTestResult executionId="474a6596-173b-462b-a373-c1549332f034" testId="7f1db94b-22b0-30cf-3893-fa8638658470" testName="FindPartialNumericalAuthor" computerName="HOWAIYUNG-PC" duration="00:00:00.0014029" startTime="2012-11-02T15:25:54.8055492-06:00" endTime="2012-11-02T15:25:54.8095495-06:00" testType="13cdc9d9-ddb5-4fa4-a97d-d965ccfc6d4b" outcome="Failed" testListId="8c84fa94-04c1-424b-9868-57a2d4851a1d" relativeResultsDirectory="474a6596-173b-462b-a373-c1549332f034">
      <Output>
        <ErrorInfo>
          <Message>Test method Map.FindKeywordByAuthorTests.FindPartialNumericalAuthor threw exception: 
System.NullReferenceException: Object reference not set to an instance of an object.</Message>
          <StackTrace>    at Map.Author..ctor(String existingAuthor) in F:\Dropbox\Map\Map\Author.cs:line 15
   at Map.FindKeywordByAuthorTests.FindPartialNumericalAuthor() in F:\Dropbox\Map\Map\FindKeywordByAuthorTests.cs:line 43
</StackTrace>
        </ErrorInfo>
      </Output>
    </UnitTestResult>
    <UnitTestResult executionId="90745180-2695-4842-a785-9f9b726616e9" testId="854266d0-8eb4-f021-1b4e-cabb7a37e4e9" testName="RemoveNormalUniqueKeyword" computerName="HOWAIYUNG-PC" duration="00:00:00.0012846" startTime="2012-11-02T15:25:54.8115496-06:00" endTime="2012-11-02T15:25:54.8155498-06:00" testType="13cdc9d9-ddb5-4fa4-a97d-d965ccfc6d4b" outcome="Failed" testListId="8c84fa94-04c1-424b-9868-57a2d4851a1d" relativeResultsDirectory="90745180-2695-4842-a785-9f9b726616e9">
      <Output>
        <ErrorInfo>
          <Message>Test method Map.AddKeywordTests.RemoveNormalUniqueKeyword threw exception: 
System.NotImplementedException: The method or operation is not implemented.</Message>
          <StackTrace>    at Map.Paper.removeKeyword(String expectedkeyword) in F:\Dropbox\Map\Map\Paper.cs:line 22
   at Map.AddKeywordTests.RemoveNormalUniqueKeyword() in F:\Dropbox\Map\Map\AddKeywordTests.cs:line 57
</StackTrace>
        </ErrorInfo>
      </Output>
    </UnitTestResult>
    <UnitTestResult executionId="b47d723b-9ff8-4517-a969-66ed0064b63b" testId="8953ab0f-d9d6-7dc3-9fc6-6ca918d9894b" testName="AddMoreThanFourDigitYear" computerName="HOWAIYUNG-PC" duration="00:00:00.0012427" startTime="2012-11-02T15:25:54.8175499-06:00" endTime="2012-11-02T15:25:54.8215501-06:00" testType="13cdc9d9-ddb5-4fa4-a97d-d965ccfc6d4b" outcome="Failed" testListId="8c84fa94-04c1-424b-9868-57a2d4851a1d" relativeResultsDirectory="b47d723b-9ff8-4517-a969-66ed0064b63b">
      <Output>
        <ErrorInfo>
          <Message>Test method Map.AddPaperTests.AddMoreThanFourDigitYear threw exception System.NotImplementedException, but exception System.ArgumentException was expected. Exception message: System.NotImplementedException: The method or operation is not implemented.</Message>
          <StackTrace>    at Map.Paper.setYear(Int32 expectedyear) in F:\Dropbox\Map\Map\Paper.cs:line 37
   at Map.AddPaperTests.AddMoreThanFourDigitYear() in F:\Dropbox\Map\Map\AddPaperTests.cs:line 149
</StackTrace>
        </ErrorInfo>
      </Output>
    </UnitTestResult>
    <UnitTestResult executionId="d4d1fef5-2360-49b9-a4c6-1abbc6d771a6" testId="9834602e-83df-a9b9-5975-c498962fa4b4" testName="AddNormalUniqueKeyword" computerName="HOWAIYUNG-PC" duration="00:00:00.0015590" startTime="2012-11-02T15:25:54.8225502-06:00" endTime="2012-11-02T15:25:54.8275505-06:00" testType="13cdc9d9-ddb5-4fa4-a97d-d965ccfc6d4b" outcome="Failed" testListId="8c84fa94-04c1-424b-9868-57a2d4851a1d" relativeResultsDirectory="d4d1fef5-2360-49b9-a4c6-1abbc6d771a6">
      <Output>
        <ErrorInfo>
          <Message>Test method Map.AddKeywordTests.AddNormalUniqueKeyword threw exception: 
System.NotImplementedException: The method or operation is not implemented.</Message>
          <StackTrace>    at Map.Paper.addKeyword(String p) in F:\Dropbox\Map\Map\Paper.cs:line 12
   at Map.AddKeywordTests.AddNormalUniqueKeyword() in F:\Dropbox\Map\Map\AddKeywordTests.cs:line 19
</StackTrace>
        </ErrorInfo>
      </Output>
    </UnitTestResult>
    <UnitTestResult executionId="22596672-47cf-4d8c-89b7-9baf38679444" testId="9c148ebc-5ce5-69f8-94c2-a363b6b499cf" testName="FindAllNumericalAuthor" computerName="HOWAIYUNG-PC" duration="00:00:00.0014171" startTime="2012-11-02T15:25:54.8285505-06:00" endTime="2012-11-02T15:25:54.8335508-06:00" testType="13cdc9d9-ddb5-4fa4-a97d-d965ccfc6d4b" outcome="Failed" testListId="8c84fa94-04c1-424b-9868-57a2d4851a1d" relativeResultsDirectory="22596672-47cf-4d8c-89b7-9baf38679444">
      <Output>
        <ErrorInfo>
          <Message>Test method Map.FindKeywordByAuthorTests.FindAllNumericalAuthor threw exception: 
System.NullReferenceException: Object reference not set to an instance of an object.</Message>
          <StackTrace>    at Map.Author..ctor(String existingAuthor) in F:\Dropbox\Map\Map\Author.cs:line 15
   at Map.FindKeywordByAuthorTests.FindAllNumericalAuthor() in F:\Dropbox\Map\Map\FindKeywordByAuthorTests.cs:line 64
</StackTrace>
        </ErrorInfo>
      </Output>
    </UnitTestResult>
    <UnitTestResult executionId="87a30cca-d6db-41a6-ab9d-5e1a5b8e1fe5" testId="a33351ea-6262-62cb-6e29-5d799198865f" testName="AddDuplicateKeyword" computerName="HOWAIYUNG-PC" duration="00:00:00.0012052" startTime="2012-11-02T15:25:54.8345509-06:00" endTime="2012-11-02T15:25:54.8385511-06:00" testType="13cdc9d9-ddb5-4fa4-a97d-d965ccfc6d4b" outcome="Failed" testListId="8c84fa94-04c1-424b-9868-57a2d4851a1d" relativeResultsDirectory="87a30cca-d6db-41a6-ab9d-5e1a5b8e1fe5">
      <Output>
        <ErrorInfo>
          <Message>Test method Map.AddKeywordTests.AddDuplicateKeyword threw exception System.NotImplementedException, but exception System.ArgumentException was expected. Exception message: System.NotImplementedException: The method or operation is not implemented.</Message>
          <StackTrace>    at Map.Paper.addKeyword(String p) in F:\Dropbox\Map\Map\Paper.cs:line 12
   at Map.AddKeywordTests.AddDuplicateKeyword() in F:\Dropbox\Map\Map\AddKeywordTests.cs:line 71
</StackTrace>
        </ErrorInfo>
      </Output>
    </UnitTestResult>
    <UnitTestResult executionId="eb45e3c9-1732-4965-83bd-ec269d6eab1b" testId="a3da25ba-3dfd-42b7-2d2b-f031c0bacd59" testName="AddNumericalKeyword" computerName="HOWAIYUNG-PC" duration="00:00:00.0011838" startTime="2012-11-02T15:25:54.8405512-06:00" endTime="2012-11-02T15:25:54.8445515-06:00" testType="13cdc9d9-ddb5-4fa4-a97d-d965ccfc6d4b" outcome="Failed" testListId="8c84fa94-04c1-424b-9868-57a2d4851a1d" relativeResultsDirectory="eb45e3c9-1732-4965-83bd-ec269d6eab1b">
      <Output>
        <ErrorInfo>
          <Message>Test method Map.AddKeywordTests.AddNumericalKeyword threw exception System.NotImplementedException, but exception System.ArgumentException was expected. Exception message: System.NotImplementedException: The method or operation is not implemented.</Message>
          <StackTrace>    at Map.Paper.addKeyword(String p) in F:\Dropbox\Map\Map\Paper.cs:line 12
   at Map.AddKeywordTests.AddNumericalKeyword() in F:\Dropbox\Map\Map\AddKeywordTests.cs:line 92
</StackTrace>
        </ErrorInfo>
      </Output>
    </UnitTestResult>
    <UnitTestResult executionId="6f88c66e-59fc-4a83-b250-3cf896880121" testId="a629a122-196f-9169-0a2e-782ce464b595" testName="FindNoKeywordAuthor" computerName="HOWAIYUNG-PC" duration="00:00:00.0013118" startTime="2012-11-02T15:25:54.8465516-06:00" endTime="2012-11-02T15:25:54.8505518-06:00" testType="13cdc9d9-ddb5-4fa4-a97d-d965ccfc6d4b" outcome="Failed" testListId="8c84fa94-04c1-424b-9868-57a2d4851a1d" relativeResultsDirectory="6f88c66e-59fc-4a83-b250-3cf896880121">
      <Output>
        <ErrorInfo>
          <Message>Test method Map.FindKeywordByAuthorTests.FindNoKeywordAuthor threw exception System.NullReferenceException, but exception System.ArgumentException was expected. Exception message: System.NullReferenceException: Object reference not set to an instance of an object.</Message>
          <StackTrace>    at Map.Author..ctor(String existingAuthor) in F:\Dropbox\Map\Map\Author.cs:line 15
   at Map.FindKeywordByAuthorTests.FindNoKeywordAuthor() in F:\Dropbox\Map\Map\FindKeywordByAuthorTests.cs:line 117
</StackTrace>
        </ErrorInfo>
      </Output>
    </UnitTestResult>
    <UnitTestResult executionId="c749677d-e69b-4cbb-a61a-45be88a55b8b" testId="a78f5112-68fe-7337-9015-2fd177eb0e6e" testName="AddEmptyStringKeyword" computerName="HOWAIYUNG-PC" duration="00:00:00.0010923" startTime="2012-11-02T15:25:54.8515519-06:00" endTime="2012-11-02T15:25:54.8555521-06:00" testType="13cdc9d9-ddb5-4fa4-a97d-d965ccfc6d4b" outcome="Failed" testListId="8c84fa94-04c1-424b-9868-57a2d4851a1d" relativeResultsDirectory="c749677d-e69b-4cbb-a61a-45be88a55b8b">
      <Output>
        <ErrorInfo>
          <Message>Test method Map.AddKeywordTests.AddEmptyStringKeyword threw exception System.NotImplementedException, but exception System.ArgumentException was expected. Exception message: System.NotImplementedException: The method or operation is not implemented.</Message>
          <StackTrace>    at Map.Paper.addKeyword(String p) in F:\Dropbox\Map\Map\Paper.cs:line 12
   at Map.AddKeywordTests.AddEmptyStringKeyword() in F:\Dropbox\Map\Map\AddKeywordTests.cs:line 82
</StackTrace>
        </ErrorInfo>
      </Output>
    </UnitTestResult>
    <UnitTestResult executionId="f4d25eb8-bf10-4a3d-8ee9-d98d6e29555c" testId="af484430-6570-c227-4a07-935cbbb409db" testName="SearchProblem_NullKeywordGiven" computerName="HOWAIYUNG-PC" duration="00:00:00.0011253" startTime="2012-11-02T15:25:54.8575522-06:00" endTime="2012-11-02T15:25:54.8605524-06:00" testType="13cdc9d9-ddb5-4fa4-a97d-d965ccfc6d4b" outcome="Failed" testListId="8c84fa94-04c1-424b-9868-57a2d4851a1d" relativeResultsDirectory="f4d25eb8-bf10-4a3d-8ee9-d98d6e29555c">
      <Output>
        <ErrorInfo>
          <Message>Test method Map.SearchPapersWKeywordTests.SearchProblem_NullKeywordGiven threw exception: 
System.NotImplementedException: The method or operation is not implemented.</Message>
          <StackTrace>    at Map.Paper.addKeyword(String p) in F:\Dropbox\Map\Map\Paper.cs:line 12
   at Map.SearchPapersWKeywordTests.SearchProblem_NullKeywordGiven() in F:\Dropbox\Map\Map\SearchPapersWKeywordTests.cs:line 92
</StackTrace>
        </ErrorInfo>
      </Output>
    </UnitTestResult>
    <UnitTestResult executionId="203b04fa-fa7d-4135-a98e-ad724557854b" testId="b62d274e-24fb-61e6-6c74-6539a7114162" testName="SearchProblem_NullDatabase" computerName="HOWAIYUNG-PC" duration="00:00:00.0017688" startTime="2012-11-02T15:25:54.8625525-06:00" endTime="2012-11-02T15:25:54.8675528-06:00" testType="13cdc9d9-ddb5-4fa4-a97d-d965ccfc6d4b" outcome="Failed" testListId="8c84fa94-04c1-424b-9868-57a2d4851a1d" relativeResultsDirectory="203b04fa-fa7d-4135-a98e-ad724557854b">
      <Output>
        <ErrorInfo>
          <Message>Test method Map.SearchPapersWKeywordTests.SearchProblem_NullDatabase threw exception: 
System.NotImplementedException: The method or operation is not implemented.</Message>
          <StackTrace>    at Map.SearchPapersWKeywordTests.SearchByKeyword(Database allPapers, String existingKeyword) in F:\Dropbox\Map\Map\SearchPapersWKeywordTests.cs:line 155
   at Map.SearchPapersWKeywordTests.SearchProblem_NullDatabase() in F:\Dropbox\Map\Map\SearchPapersWKeywordTests.cs:line 147
</StackTrace>
        </ErrorInfo>
      </Output>
    </UnitTestResult>
    <UnitTestResult executionId="16b4ac5f-1819-4026-97af-2a71b4225c9e" testId="bb18676d-377c-a4ae-690a-6c4a8f00aa46" testName="SearchNormal_NonExistingKeyword" computerName="HOWAIYUNG-PC" duration="00:00:00.0011530" startTime="2012-11-02T15:25:54.8685528-06:00" endTime="2012-11-02T15:25:54.8725531-06:00" testType="13cdc9d9-ddb5-4fa4-a97d-d965ccfc6d4b" outcome="Failed" testListId="8c84fa94-04c1-424b-9868-57a2d4851a1d" relativeResultsDirectory="16b4ac5f-1819-4026-97af-2a71b4225c9e">
      <Output>
        <ErrorInfo>
          <Message>Test method Map.SearchPapersWKeywordTests.SearchNormal_NonExistingKeyword threw exception: 
System.NotImplementedException: The method or operation is not implemented.</Message>
          <StackTrace>    at Map.Paper.addKeyword(String p) in F:\Dropbox\Map\Map\Paper.cs:line 12
   at Map.SearchPapersWKeywordTests.SearchNormal_NonExistingKeyword() in F:\Dropbox\Map\Map\SearchPapersWKeywordTests.cs:line 42
</StackTrace>
        </ErrorInfo>
      </Output>
    </UnitTestResult>
    <UnitTestResult executionId="43e48cc2-7c54-4b6b-af5d-60bd4ce2822d" testId="c06afa71-2f07-770f-d397-6497f0861191" testName="AddNumericalTitle" computerName="HOWAIYUNG-PC" duration="00:00:00.0011249" startTime="2012-11-02T15:25:54.8735531-06:00" endTime="2012-11-02T15:25:54.8775533-06:00" testType="13cdc9d9-ddb5-4fa4-a97d-d965ccfc6d4b" outcome="Failed" testListId="8c84fa94-04c1-424b-9868-57a2d4851a1d" relativeResultsDirectory="43e48cc2-7c54-4b6b-af5d-60bd4ce2822d">
      <Output>
        <ErrorInfo>
          <Message>Test method Map.AddPaperTests.AddNumericalTitle threw exception: 
System.NotImplementedException: The method or operation is not implemented.</Message>
          <StackTrace>    at Map.Paper.setTitle(String expectedtitle) in F:\Dropbox\Map\Map\Paper.cs:line 27
   at Map.AddPaperTests.AddNumericalTitle() in F:\Dropbox\Map\Map\AddPaperTests.cs:line 50
</StackTrace>
        </ErrorInfo>
      </Output>
    </UnitTestResult>
    <UnitTestResult executionId="e0a04188-50e0-4f44-826c-a0152af9a218" testId="c61b5fbd-1990-718e-6b92-82f56b46c76a" testName="FindNormalAuthor" computerName="HOWAIYUNG-PC" duration="00:00:00.0013966" startTime="2012-11-02T15:25:54.8795535-06:00" endTime="2012-11-02T15:25:54.8835537-06:00" testType="13cdc9d9-ddb5-4fa4-a97d-d965ccfc6d4b" outcome="Failed" testListId="8c84fa94-04c1-424b-9868-57a2d4851a1d" relativeResultsDirectory="e0a04188-50e0-4f44-826c-a0152af9a218">
      <Output>
        <ErrorInfo>
          <Message>Test method Map.FindKeywordByAuthorTests.FindNormalAuthor threw exception: 
System.NullReferenceException: Object reference not set to an instance of an object.</Message>
          <StackTrace>    at Map.Author..ctor(String existingAuthor) in F:\Dropbox\Map\Map\Author.cs:line 15
   at Map.FindKeywordByAuthorTests.FindNormalAuthor() in F:\Dropbox\Map\Map\FindKeywordByAuthorTests.cs:line 18
</StackTrace>
        </ErrorInfo>
      </Output>
    </UnitTestResult>
    <UnitTestResult executionId="11d220dd-e9a1-4beb-a138-4d163fe7b908" testId="cf1bd0a7-ba2a-cfcf-0db4-f40cc25e59f3" testName="AddEmptyStringTitle" computerName="HOWAIYUNG-PC" duration="00:00:00.0011615" startTime="2012-11-02T15:25:54.8855538-06:00" endTime="2012-11-02T15:25:54.8895540-06:00" testType="13cdc9d9-ddb5-4fa4-a97d-d965ccfc6d4b" outcome="Failed" testListId="8c84fa94-04c1-424b-9868-57a2d4851a1d" relativeResultsDirectory="11d220dd-e9a1-4beb-a138-4d163fe7b908">
      <Output>
        <ErrorInfo>
          <Message>Test method Map.AddPaperTests.AddEmptyStringTitle threw exception System.NotImplementedException, but exception System.ArgumentException was expected. Exception message: System.NotImplementedException: The method or operation is not implemented.</Message>
          <StackTrace>    at Map.Paper.setTitle(String expectedtitle) in F:\Dropbox\Map\Map\Paper.cs:line 27
   at Map.AddPaperTests.AddEmptyStringTitle() in F:\Dropbox\Map\Map\AddPaperTests.cs:line 40
</StackTrace>
        </ErrorInfo>
      </Output>
    </UnitTestResult>
    <UnitTestResult executionId="8827d1da-4645-444c-b0c3-6e42dd9d47d2" testId="de8c182f-b223-ca86-caf8-d808945a3a91" testName="UnicodeAuthor" computerName="HOWAIYUNG-PC" duration="00:00:00.0011177" startTime="2012-11-02T15:25:54.8905541-06:00" endTime="2012-11-02T15:25:54.8945543-06:00" testType="13cdc9d9-ddb5-4fa4-a97d-d965ccfc6d4b" outcome="Failed" testListId="8c84fa94-04c1-424b-9868-57a2d4851a1d" relativeResultsDirectory="8827d1da-4645-444c-b0c3-6e42dd9d47d2">
      <Output>
        <ErrorInfo>
          <Message>Test method Map.FindKeywordByAuthorTests.UnicodeAuthor threw exception System.NullReferenceException, but exception System.ArgumentException was expected. Exception message: System.NullReferenceException: Object reference not set to an instance of an object.</Message>
          <StackTrace>    at Map.Author..ctor(String existingAuthor) in F:\Dropbox\Map\Map\Author.cs:line 15
   at Map.FindKeywordByAuthorTests.UnicodeAuthor() in F:\Dropbox\Map\Map\FindKeywordByAuthorTests.cs:line 162
</StackTrace>
        </ErrorInfo>
      </Output>
    </UnitTestResult>
    <UnitTestResult executionId="178f9775-613b-482e-8187-89a5f511afd7" testId="e6daca45-d31d-d05e-07d8-5d1d6e220219" testName="AddZeroYear" computerName="HOWAIYUNG-PC" duration="00:00:00.0011226" startTime="2012-11-02T15:25:54.8955544-06:00" endTime="2012-11-02T15:25:54.8995546-06:00" testType="13cdc9d9-ddb5-4fa4-a97d-d965ccfc6d4b" outcome="Failed" testListId="8c84fa94-04c1-424b-9868-57a2d4851a1d" relativeResultsDirectory="178f9775-613b-482e-8187-89a5f511afd7">
      <Output>
        <ErrorInfo>
          <Message>Test method Map.AddPaperTests.AddZeroYear threw exception System.NotImplementedException, but exception System.ArgumentException was expected. Exception message: System.NotImplementedException: The method or operation is not implemented.</Message>
          <StackTrace>    at Map.Paper.setYear(Int32 expectedyear) in F:\Dropbox\Map\Map\Paper.cs:line 37
   at Map.AddPaperTests.AddZeroYear() in F:\Dropbox\Map\Map\AddPaperTests.cs:line 162
</StackTrace>
        </ErrorInfo>
      </Output>
    </UnitTestResult>
    <UnitTestResult executionId="d0b539e6-1777-4b26-9134-f616ab1bcd67" testId="ebe59462-0919-d773-41c7-20b1f87e0c62" testName="TabAuthor" computerName="HOWAIYUNG-PC" duration="00:00:00.0011204" startTime="2012-11-02T15:25:54.9015547-06:00" endTime="2012-11-02T15:25:54.9055549-06:00" testType="13cdc9d9-ddb5-4fa4-a97d-d965ccfc6d4b" outcome="Failed" testListId="8c84fa94-04c1-424b-9868-57a2d4851a1d" relativeResultsDirectory="d0b539e6-1777-4b26-9134-f616ab1bcd67">
      <Output>
        <ErrorInfo>
          <Message>Test method Map.FindKeywordByAuthorTests.TabAuthor threw exception System.NullReferenceException, but exception System.ArgumentException was expected. Exception message: System.NullReferenceException: Object reference not set to an instance of an object.</Message>
          <StackTrace>    at Map.Author..ctor(String existingAuthor) in F:\Dropbox\Map\Map\Author.cs:line 15
   at Map.FindKeywordByAuthorTests.TabAuthor() in F:\Dropbox\Map\Map\FindKeywordByAuthorTests.cs:line 191
</StackTrace>
        </ErrorInfo>
      </Output>
    </UnitTestResult>
    <UnitTestResult executionId="e814ce3d-fd93-4edc-bdf6-45833a94bd44" testId="f88b0f97-6095-93ab-4570-ffad36b75fd0" testName="SearchProblem_EmptyDatabase" computerName="HOWAIYUNG-PC" duration="00:00:00.0011784" startTime="2012-11-02T15:25:54.9065550-06:00" endTime="2012-11-02T15:25:54.9105552-06:00" testType="13cdc9d9-ddb5-4fa4-a97d-d965ccfc6d4b" outcome="Failed" testListId="8c84fa94-04c1-424b-9868-57a2d4851a1d" relativeResultsDirectory="e814ce3d-fd93-4edc-bdf6-45833a94bd44">
      <Output>
        <ErrorInfo>
          <Message>Test method Map.SearchPapersWKeywordTests.SearchProblem_EmptyDatabase threw exception: 
System.NotImplementedException: The method or operation is not implemented.</Message>
          <StackTrace>    at Map.SearchPapersWKeywordTests.SearchByKeyword(Database allPapers, String existingKeyword) in F:\Dropbox\Map\Map\SearchPapersWKeywordTests.cs:line 155
   at Map.SearchPapersWKeywordTests.SearchProblem_EmptyDatabase() in F:\Dropbox\Map\Map\SearchPapersWKeywordTests.cs:line 133
</StackTrace>
        </ErrorInfo>
      </Output>
    </UnitTestResult>
  </Results>
</TestRun>