<?xml version="1.0" encoding="UTF-8"?>
<TestRun id="3071ff13-da17-42be-9634-d036d085da92" name="Ho Wai Yung@HOWAIYUNG-PC 2012-11-02 15:26:40" runUser="HoWaiYung-PC\Ho Wai Yung" xmlns="http://microsoft.com/schemas/VisualStudio/TeamTest/2010">
  <TestSettings name="Local" id="19f1e08e-e37f-44cb-a353-ec143923a7f4">
    <Description>These are default test settings for a local test run.</Description>
    <Execution>
      <TestTypeSpecific>
        <UnitTestRunConfig testTypeId="13cdc9d9-ddb5-4fa4-a97d-d965ccfc6d4b">
          <AssemblyResolution>
            <TestDirectory useLoadContext="true" />
          </AssemblyResolution>
        </UnitTestRunConfig>
      </TestTypeSpecific>
      <AgentRule name="LocalMachineDefaultRole">
      </AgentRule>
    </Execution>
    <Deployment runDeploymentRoot="Ho Wai Yung_HOWAIYUNG-PC 2012-11-02 15_26_40" />
  </TestSettings>
  <Times creation="2012-11-02T15:26:40.1821446-06:00" queuing="2012-11-02T15:26:42.7602921-06:00" start="2012-11-02T15:26:42.7662924-06:00" finish="2012-11-02T15:26:43.0693098-06:00" />
  <ResultSummary outcome="Failed">
    <Counters total="11" executed="11" passed="2" error="0" failed="9" timeout="0" aborted="0" inconclusive="0" passedButRunAborted="0" notRunnable="0" notExecuted="0" disconnected="0" warning="0" completed="0" inProgress="0" pending="0" />
  </ResultSummary>
  <TestDefinitions>
    <UnitTest name="FindPartialNumericalAuthor" storage="f:\dropbox\map\map\bin\debug\map.dll" id="7f1db94b-22b0-30cf-3893-fa8638658470">
      <Execution id="6b3c4f60-a1d8-47c5-a73f-820fe6095795" />
      <TestMethod codeBase="F:/Dropbox/Map/Map/bin/Debug/Map.DLL" adapterTypeName="Microsoft.VisualStudio.TestTools.TestTypes.Unit.UnitTestAdapter, Microsoft.VisualStudio.QualityTools.Tips.UnitTest.Adapter, Version=10.0.0.0, Culture=neutral, PublicKeyToken=b03f5f7f11d50a3a" className="Map.FindKeywordByAuthorTests, Map, Version=1.0.0.0, Culture=neutral, PublicKeyToken=null" name="FindPartialNumericalAuthor" />
    </UnitTest>
    <UnitTest name="FindNormalAuthor" storage="f:\dropbox\map\map\bin\debug\map.dll" id="c61b5fbd-1990-718e-6b92-82f56b46c76a">
      <Execution id="39a5e58c-63a3-46d7-8e8d-6c50d9e406a2" />
      <TestMethod codeBase="F:/Dropbox/Map/Map/bin/Debug/Map.DLL" adapterTypeName="Microsoft.VisualStudio.TestTools.TestTypes.Unit.UnitTestAdapter, Microsoft.VisualStudio.QualityTools.Tips.UnitTest.Adapter, Version=10.0.0.0, Culture=neutral, PublicKeyToken=b03f5f7f11d50a3a" className="Map.FindKeywordByAuthorTests, Map, Version=1.0.0.0, Culture=neutral, PublicKeyToken=null" name="FindNormalAuthor" />
    </UnitTest>
    <UnitTest name="FindPartialUnicodeAuthor" storage="f:\dropbox\map\map\bin\debug\map.dll" id="401fd3f5-883b-6806-028c-ee2f9d46a707">
      <Execution id="c890f517-7e99-4d76-a7d9-8f671ab257f5" />
      <TestMethod codeBase="F:/Dropbox/Map/Map/bin/Debug/Map.DLL" adapterTypeName="Microsoft.VisualStudio.TestTools.TestTypes.Unit.UnitTestAdapter, Microsoft.VisualStudio.QualityTools.Tips.UnitTest.Adapter, Version=10.0.0.0, Culture=neutral, PublicKeyToken=b03f5f7f11d50a3a" className="Map.FindKeywordByAuthorTests, Map, Version=1.0.0.0, Culture=neutral, PublicKeyToken=null" name="FindPartialUnicodeAuthor" />
    </UnitTest>
    <UnitTest name="SpaceAuthor" storage="f:\dropbox\map\map\bin\debug\map.dll" id="7b94a73f-3b57-c3f4-7f9b-558acb4a87b2">
      <Execution id="9b55c733-80e9-44f5-95de-2034f2e689fa" />
      <TestMethod codeBase="F:/Dropbox/Map/Map/bin/Debug/Map.DLL" adapterTypeName="Microsoft.VisualStudio.TestTools.TestTypes.Unit.UnitTestAdapter, Microsoft.VisualStudio.QualityTools.Tips.UnitTest.Adapter, Version=10.0.0.0, Culture=neutral, PublicKeyToken=b03f5f7f11d50a3a" className="Map.FindKeywordByAuthorTests, Map, Version=1.0.0.0, Culture=neutral, PublicKeyToken=null" name="SpaceAuthor" />
    </UnitTest>
    <UnitTest name="FindAllNumericalAuthor" storage="f:\dropbox\map\map\bin\debug\map.dll" id="9c148ebc-5ce5-69f8-94c2-a363b6b499cf">
      <Execution id="d1a2ada7-5e45-48f2-aec7-561d81ad8ed7" />
      <TestMethod codeBase="F:/Dropbox/Map/Map/bin/Debug/Map.DLL" adapterTypeName="Microsoft.VisualStudio.TestTools.TestTypes.Unit.UnitTestAdapter, Microsoft.VisualStudio.QualityTools.Tips.UnitTest.Adapter, Version=10.0.0.0, Culture=neutral, PublicKeyToken=b03f5f7f11d50a3a" className="Map.FindKeywordByAuthorTests, Map, Version=1.0.0.0, Culture=neutral, PublicKeyToken=null" name="FindAllNumericalAuthor" />
    </UnitTest>
    <UnitTest name="NullAuthor" storage="f:\dropbox\map\map\bin\debug\map.dll" id="7b3bd826-2935-d997-c1b7-02ca9a4a707a">
      <Execution id="3868e0b0-2842-47b7-a4fc-b22d76ebbd82" />
      <TestMethod codeBase="F:/Dropbox/Map/Map/bin/Debug/Map.DLL" adapterTypeName="Microsoft.VisualStudio.TestTools.TestTypes.Unit.UnitTestAdapter, Microsoft.VisualStudio.QualityTools.Tips.UnitTest.Adapter, Version=10.0.0.0, Culture=neutral, PublicKeyToken=b03f5f7f11d50a3a" className="Map.FindKeywordByAuthorTests, Map, Version=1.0.0.0, Culture=neutral, PublicKeyToken=null" name="NullAuthor" />
    </UnitTest>
    <UnitTest name="FindNonExistingAuthor" storage="f:\dropbox\map\map\bin\debug\map.dll" id="748dc392-9274-c2c3-1136-a6594e65bcfb">
      <Execution id="d363064e-b2f6-4b96-9a8d-c24bb36d58b5" />
      <TestMethod codeBase="F:/Dropbox/Map/Map/bin/Debug/Map.DLL" adapterTypeName="Microsoft.VisualStudio.TestTools.TestTypes.Unit.UnitTestAdapter, Microsoft.VisualStudio.QualityTools.Tips.UnitTest.Adapter, Version=10.0.0.0, Culture=neutral, PublicKeyToken=b03f5f7f11d50a3a" className="Map.FindKeywordByAuthorTests, Map, Version=1.0.0.0, Culture=neutral, PublicKeyToken=null" name="FindNonExistingAuthor" />
    </UnitTest>
    <UnitTest name="TabAuthor" storage="f:\dropbox\map\map\bin\debug\map.dll" id="ebe59462-0919-d773-41c7-20b1f87e0c62">
      <Execution id="4bbef38a-47ae-4b63-a12e-3ac7d0681745" />
      <TestMethod codeBase="F:/Dropbox/Map/Map/bin/Debug/Map.DLL" adapterTypeName="Microsoft.VisualStudio.TestTools.TestTypes.Unit.UnitTestAdapter, Microsoft.VisualStudio.QualityTools.Tips.UnitTest.Adapter, Version=10.0.0.0, Culture=neutral, PublicKeyToken=b03f5f7f11d50a3a" className="Map.FindKeywordByAuthorTests, Map, Version=1.0.0.0, Culture=neutral, PublicKeyToken=null" name="TabAuthor" />
    </UnitTest>
    <UnitTest name="FindNoKeywordAuthor" storage="f:\dropbox\map\map\bin\debug\map.dll" id="a629a122-196f-9169-0a2e-782ce464b595">
      <Execution id="f0324d4d-6795-460b-9e16-8eeb24cd77c9" />
      <TestMethod codeBase="F:/Dropbox/Map/Map/bin/Debug/Map.DLL" adapterTypeName="Microsoft.VisualStudio.TestTools.TestTypes.Unit.UnitTestAdapter, Microsoft.VisualStudio.QualityTools.Tips.UnitTest.Adapter, Version=10.0.0.0, Culture=neutral, PublicKeyToken=b03f5f7f11d50a3a" className="Map.FindKeywordByAuthorTests, Map, Version=1.0.0.0, Culture=neutral, PublicKeyToken=null" name="FindNoKeywordAuthor" />
    </UnitTest>
    <UnitTest name="emptyAuthor" storage="f:\dropbox\map\map\bin\debug\map.dll" id="47c87be3-6997-cb09-ee47-e5831347fc33">
      <Execution id="1c1717fa-b747-483a-b462-35c3cb815de4" />
      <TestMethod codeBase="F:/Dropbox/Map/Map/bin/Debug/Map.DLL" adapterTypeName="Microsoft.VisualStudio.TestTools.TestTypes.Unit.UnitTestAdapter, Microsoft.VisualStudio.QualityTools.Tips.UnitTest.Adapter, Version=10.0.0.0, Culture=neutral, PublicKeyToken=b03f5f7f11d50a3a" className="Map.FindKeywordByAuthorTests, Map, Version=1.0.0.0, Culture=neutral, PublicKeyToken=null" name="emptyAuthor" />
    </UnitTest>
    <UnitTest name="UnicodeAuthor" storage="f:\dropbox\map\map\bin\debug\map.dll" id="de8c182f-b223-ca86-caf8-d808945a3a91">
      <Execution id="79276e9d-f983-4271-8985-6cc7a2fc53fd" />
      <TestMethod codeBase="F:/Dropbox/Map/Map/bin/Debug/Map.DLL" adapterTypeName="Microsoft.VisualStudio.TestTools.TestTypes.Unit.UnitTestAdapter, Microsoft.VisualStudio.QualityTools.Tips.UnitTest.Adapter, Version=10.0.0.0, Culture=neutral, PublicKeyToken=b03f5f7f11d50a3a" className="Map.FindKeywordByAuthorTests, Map, Version=1.0.0.0, Culture=neutral, PublicKeyToken=null" name="UnicodeAuthor" />
    </UnitTest>
  </TestDefinitions>
  <TestLists>
    <TestList name="Results Not in a List" id="8c84fa94-04c1-424b-9868-57a2d4851a1d" />
    <TestList name="All Loaded Results" id="19431567-8539-422a-85d7-44ee4e166bda" />
  </TestLists>
  <TestEntries>
    <TestEntry testId="401fd3f5-883b-6806-028c-ee2f9d46a707" executionId="c890f517-7e99-4d76-a7d9-8f671ab257f5" testListId="8c84fa94-04c1-424b-9868-57a2d4851a1d" />
    <TestEntry testId="47c87be3-6997-cb09-ee47-e5831347fc33" executionId="1c1717fa-b747-483a-b462-35c3cb815de4" testListId="8c84fa94-04c1-424b-9868-57a2d4851a1d" />
    <TestEntry testId="748dc392-9274-c2c3-1136-a6594e65bcfb" executionId="d363064e-b2f6-4b96-9a8d-c24bb36d58b5" testListId="8c84fa94-04c1-424b-9868-57a2d4851a1d" />
    <TestEntry testId="7b3bd826-2935-d997-c1b7-02ca9a4a707a" executionId="3868e0b0-2842-47b7-a4fc-b22d76ebbd82" testListId="8c84fa94-04c1-424b-9868-57a2d4851a1d" />
    <TestEntry testId="7b94a73f-3b57-c3f4-7f9b-558acb4a87b2" executionId="9b55c733-80e9-44f5-95de-2034f2e689fa" testListId="8c84fa94-04c1-424b-9868-57a2d4851a1d" />
    <TestEntry testId="7f1db94b-22b0-30cf-3893-fa8638658470" executionId="6b3c4f60-a1d8-47c5-a73f-820fe6095795" testListId="8c84fa94-04c1-424b-9868-57a2d4851a1d" />
    <TestEntry testId="9c148ebc-5ce5-69f8-94c2-a363b6b499cf" executionId="d1a2ada7-5e45-48f2-aec7-561d81ad8ed7" testListId="8c84fa94-04c1-424b-9868-57a2d4851a1d" />
    <TestEntry testId="a629a122-196f-9169-0a2e-782ce464b595" executionId="f0324d4d-6795-460b-9e16-8eeb24cd77c9" testListId="8c84fa94-04c1-424b-9868-57a2d4851a1d" />
    <TestEntry testId="c61b5fbd-1990-718e-6b92-82f56b46c76a" executionId="39a5e58c-63a3-46d7-8e8d-6c50d9e406a2" testListId="8c84fa94-04c1-424b-9868-57a2d4851a1d" />
    <TestEntry testId="de8c182f-b223-ca86-caf8-d808945a3a91" executionId="79276e9d-f983-4271-8985-6cc7a2fc53fd" testListId="8c84fa94-04c1-424b-9868-57a2d4851a1d" />
    <TestEntry testId="ebe59462-0919-d773-41c7-20b1f87e0c62" executionId="4bbef38a-47ae-4b63-a12e-3ac7d0681745" testListId="8c84fa94-04c1-424b-9868-57a2d4851a1d" />
  </TestEntries>
  <Results>
    <UnitTestResult executionId="c890f517-7e99-4d76-a7d9-8f671ab257f5" testId="401fd3f5-883b-6806-028c-ee2f9d46a707" testName="FindPartialUnicodeAuthor" computerName="HOWAIYUNG-PC" duration="00:00:00.0209976" startTime="2012-11-02T15:26:42.7682925-06:00" endTime="2012-11-02T15:26:42.9953055-06:00" testType="13cdc9d9-ddb5-4fa4-a97d-d965ccfc6d4b" outcome="Failed" testListId="8c84fa94-04c1-424b-9868-57a2d4851a1d" relativeResultsDirectory="c890f517-7e99-4d76-a7d9-8f671ab257f5">
      <Output>
        <ErrorInfo>
          <Message>Test method Map.FindKeywordByAuthorTests.FindPartialUnicodeAuthor threw exception: 
System.NullReferenceException: Object reference not set to an instance of an object.</Message>
          <StackTrace>    at Map.Author..ctor(String existingAuthor) in F:\Dropbox\Map\Map\Author.cs:line 15
   at Map.FindKeywordByAuthorTests.FindPartialUnicodeAuthor() in F:\Dropbox\Map\Map\FindKeywordByAuthorTests.cs:line 87
</StackTrace>
        </ErrorInfo>
      </Output>
    </UnitTestResult>
    <UnitTestResult executionId="1c1717fa-b747-483a-b462-35c3cb815de4" testId="47c87be3-6997-cb09-ee47-e5831347fc33" testName="emptyAuthor" computerName="HOWAIYUNG-PC" duration="00:00:00.0018767" startTime="2012-11-02T15:26:42.9973056-06:00" endTime="2012-11-02T15:26:43.0033060-06:00" testType="13cdc9d9-ddb5-4fa4-a97d-d965ccfc6d4b" outcome="Failed" testListId="8c84fa94-04c1-424b-9868-57a2d4851a1d" relativeResultsDirectory="1c1717fa-b747-483a-b462-35c3cb815de4">
      <Output>
        <ErrorInfo>
          <Message>Test method Map.FindKeywordByAuthorTests.emptyAuthor threw exception System.NullReferenceException, but exception System.ArgumentException was expected. Exception message: System.NullReferenceException: Object reference not set to an instance of an object.</Message>
          <StackTrace>    at Map.Author..ctor(String existingAuthor) in F:\Dropbox\Map\Map\Author.cs:line 15
   at Map.FindKeywordByAuthorTests.emptyAuthor() in F:\Dropbox\Map\Map\FindKeywordByAuthorTests.cs:line 199
</StackTrace>
        </ErrorInfo>
      </Output>
    </UnitTestResult>
    <UnitTestResult executionId="d363064e-b2f6-4b96-9a8d-c24bb36d58b5" testId="748dc392-9274-c2c3-1136-a6594e65bcfb" testName="FindNonExistingAuthor" computerName="HOWAIYUNG-PC" duration="00:00:00.0006782" startTime="2012-11-02T15:26:43.0043060-06:00" endTime="2012-11-02T15:26:43.0093063-06:00" testType="13cdc9d9-ddb5-4fa4-a97d-d965ccfc6d4b" outcome="Passed" testListId="8c84fa94-04c1-424b-9868-57a2d4851a1d" relativeResultsDirectory="d363064e-b2f6-4b96-9a8d-c24bb36d58b5">
    </UnitTestResult>
    <UnitTestResult executionId="3868e0b0-2842-47b7-a4fc-b22d76ebbd82" testId="7b3bd826-2935-d997-c1b7-02ca9a4a707a" testName="NullAuthor" computerName="HOWAIYUNG-PC" duration="00:00:00.0004265" startTime="2012-11-02T15:26:43.0103064-06:00" endTime="2012-11-02T15:26:43.0143066-06:00" testType="13cdc9d9-ddb5-4fa4-a97d-d965ccfc6d4b" outcome="Passed" testListId="8c84fa94-04c1-424b-9868-57a2d4851a1d" relativeResultsDirectory="3868e0b0-2842-47b7-a4fc-b22d76ebbd82">
    </UnitTestResult>
    <UnitTestResult executionId="9b55c733-80e9-44f5-95de-2034f2e689fa" testId="7b94a73f-3b57-c3f4-7f9b-558acb4a87b2" testName="SpaceAuthor" computerName="HOWAIYUNG-PC" duration="00:00:00.0010972" startTime="2012-11-02T15:26:43.0163067-06:00" endTime="2012-11-02T15:26:43.0203070-06:00" testType="13cdc9d9-ddb5-4fa4-a97d-d965ccfc6d4b" outcome="Failed" testListId="8c84fa94-04c1-424b-9868-57a2d4851a1d" relativeResultsDirectory="9b55c733-80e9-44f5-95de-2034f2e689fa">
      <Output>
        <ErrorInfo>
          <Message>Test method Map.FindKeywordByAuthorTests.SpaceAuthor threw exception System.NullReferenceException, but exception System.ArgumentException was expected. Exception message: System.NullReferenceException: Object reference not set to an instance of an object.</Message>
          <StackTrace>    at Map.Author..ctor(String existingAuthor) in F:\Dropbox\Map\Map\Author.cs:line 15
   at Map.FindKeywordByAuthorTests.SpaceAuthor() in F:\Dropbox\Map\Map\FindKeywordByAuthorTests.cs:line 181
</StackTrace>
        </ErrorInfo>
      </Output>
    </UnitTestResult>
    <UnitTestResult executionId="6b3c4f60-a1d8-47c5-a73f-820fe6095795" testId="7f1db94b-22b0-30cf-3893-fa8638658470" testName="FindPartialNumericalAuthor" computerName="HOWAIYUNG-PC" duration="00:00:00.0014243" startTime="2012-11-02T15:26:43.0223071-06:00" endTime="2012-11-02T15:26:43.0263073-06:00" testType="13cdc9d9-ddb5-4fa4-a97d-d965ccfc6d4b" outcome="Failed" testListId="8c84fa94-04c1-424b-9868-57a2d4851a1d" relativeResultsDirectory="6b3c4f60-a1d8-47c5-a73f-820fe6095795">
      <Output>
        <ErrorInfo>
          <Message>Test method Map.FindKeywordByAuthorTests.FindPartialNumericalAuthor threw exception: 
System.NullReferenceException: Object reference not set to an instance of an object.</Message>
          <StackTrace>    at Map.Author..ctor(String existingAuthor) in F:\Dropbox\Map\Map\Author.cs:line 15
   at Map.FindKeywordByAuthorTests.FindPartialNumericalAuthor() in F:\Dropbox\Map\Map\FindKeywordByAuthorTests.cs:line 43
</StackTrace>
        </ErrorInfo>
      </Output>
    </UnitTestResult>
    <UnitTestResult executionId="d1a2ada7-5e45-48f2-aec7-561d81ad8ed7" testId="9c148ebc-5ce5-69f8-94c2-a363b6b499cf" testName="FindAllNumericalAuthor" computerName="HOWAIYUNG-PC" duration="00:00:00.0014073" startTime="2012-11-02T15:26:43.0283074-06:00" endTime="2012-11-02T15:26:43.0323076-06:00" testType="13cdc9d9-ddb5-4fa4-a97d-d965ccfc6d4b" outcome="Failed" testListId="8c84fa94-04c1-424b-9868-57a2d4851a1d" relativeResultsDirectory="d1a2ada7-5e45-48f2-aec7-561d81ad8ed7">
      <Output>
        <ErrorInfo>
          <Message>Test method Map.FindKeywordByAuthorTests.FindAllNumericalAuthor threw exception: 
System.NullReferenceException: Object reference not set to an instance of an object.</Message>
          <StackTrace>    at Map.Author..ctor(String existingAuthor) in F:\Dropbox\Map\Map\Author.cs:line 15
   at Map.FindKeywordByAuthorTests.FindAllNumericalAuthor() in F:\Dropbox\Map\Map\FindKeywordByAuthorTests.cs:line 64
</StackTrace>
        </ErrorInfo>
      </Output>
    </UnitTestResult>
    <UnitTestResult executionId="f0324d4d-6795-460b-9e16-8eeb24cd77c9" testId="a629a122-196f-9169-0a2e-782ce464b595" testName="FindNoKeywordAuthor" computerName="HOWAIYUNG-PC" duration="00:00:00.0014484" startTime="2012-11-02T15:26:43.0343078-06:00" endTime="2012-11-02T15:26:43.0383080-06:00" testType="13cdc9d9-ddb5-4fa4-a97d-d965ccfc6d4b" outcome="Failed" testListId="8c84fa94-04c1-424b-9868-57a2d4851a1d" relativeResultsDirectory="f0324d4d-6795-460b-9e16-8eeb24cd77c9">
      <Output>
        <ErrorInfo>
          <Message>Test method Map.FindKeywordByAuthorTests.FindNoKeywordAuthor threw exception System.NullReferenceException, but exception System.ArgumentException was expected. Exception message: System.NullReferenceException: Object reference not set to an instance of an object.</Message>
          <StackTrace>    at Map.Author..ctor(String existingAuthor) in F:\Dropbox\Map\Map\Author.cs:line 15
   at Map.FindKeywordByAuthorTests.FindNoKeywordAuthor() in F:\Dropbox\Map\Map\FindKeywordByAuthorTests.cs:line 117
</StackTrace>
        </ErrorInfo>
      </Output>
    </UnitTestResult>
    <UnitTestResult executionId="39a5e58c-63a3-46d7-8e8d-6c50d9e406a2" testId="c61b5fbd-1990-718e-6b92-82f56b46c76a" testName="FindNormalAuthor" computerName="HOWAIYUNG-PC" duration="00:00:00.0014787" startTime="2012-11-02T15:26:43.0403081-06:00" endTime="2012-11-02T15:26:43.0453084-06:00" testType="13cdc9d9-ddb5-4fa4-a97d-d965ccfc6d4b" outcome="Failed" testListId="8c84fa94-04c1-424b-9868-57a2d4851a1d" relativeResultsDirectory="39a5e58c-63a3-46d7-8e8d-6c50d9e406a2">
      <Output>
        <ErrorInfo>
          <Message>Test method Map.FindKeywordByAuthorTests.FindNormalAuthor threw exception: 
System.NullReferenceException: Object reference not set to an instance of an object.</Message>
          <StackTrace>    at Map.Author..ctor(String existingAuthor) in F:\Dropbox\Map\Map\Author.cs:line 15
   at Map.FindKeywordByAuthorTests.FindNormalAuthor() in F:\Dropbox\Map\Map\FindKeywordByAuthorTests.cs:line 18
</StackTrace>
        </ErrorInfo>
      </Output>
    </UnitTestResult>
    <UnitTestResult executionId="79276e9d-f983-4271-8985-6cc7a2fc53fd" testId="de8c182f-b223-ca86-caf8-d808945a3a91" testName="UnicodeAuthor" computerName="HOWAIYUNG-PC" duration="00:00:00.0013163" startTime="2012-11-02T15:26:43.0463084-06:00" endTime="2012-11-02T15:26:43.0513087-06:00" testType="13cdc9d9-ddb5-4fa4-a97d-d965ccfc6d4b" outcome="Failed" testListId="8c84fa94-04c1-424b-9868-57a2d4851a1d" relativeResultsDirectory="79276e9d-f983-4271-8985-6cc7a2fc53fd">
      <Output>
        <ErrorInfo>
          <Message>Test method Map.FindKeywordByAuthorTests.UnicodeAuthor threw exception System.NullReferenceException, but exception System.ArgumentException was expected. Exception message: System.NullReferenceException: Object reference not set to an instance of an object.</Message>
          <StackTrace>    at Map.Author..ctor(String existingAuthor) in F:\Dropbox\Map\Map\Author.cs:line 15
   at Map.FindKeywordByAuthorTests.UnicodeAuthor() in F:\Dropbox\Map\Map\FindKeywordByAuthorTests.cs:line 162
</StackTrace>
        </ErrorInfo>
      </Output>
    </UnitTestResult>
    <UnitTestResult executionId="4bbef38a-47ae-4b63-a12e-3ac7d0681745" testId="ebe59462-0919-d773-41c7-20b1f87e0c62" testName="TabAuthor" computerName="HOWAIYUNG-PC" duration="00:00:00.0011851" startTime="2012-11-02T15:26:43.0523088-06:00" endTime="2012-11-02T15:26:43.0563090-06:00" testType="13cdc9d9-ddb5-4fa4-a97d-d965ccfc6d4b" outcome="Failed" testListId="8c84fa94-04c1-424b-9868-57a2d4851a1d" relativeResultsDirectory="4bbef38a-47ae-4b63-a12e-3ac7d0681745">
      <Output>
        <ErrorInfo>
          <Message>Test method Map.FindKeywordByAuthorTests.TabAuthor threw exception System.NullReferenceException, but exception System.ArgumentException was expected. Exception message: System.NullReferenceException: Object reference not set to an instance of an object.</Message>
          <StackTrace>    at Map.Author..ctor(String existingAuthor) in F:\Dropbox\Map\Map\Author.cs:line 15
   at Map.FindKeywordByAuthorTests.TabAuthor() in F:\Dropbox\Map\Map\FindKeywordByAuthorTests.cs:line 191
</StackTrace>
        </ErrorInfo>
      </Output>
    </UnitTestResult>
  </Results>
</TestRun>