<?xml version="1.0" encoding="UTF-8"?>
<TestRun id="c0d25353-3b75-46ac-a0c5-098b5b587700" name="Ho Wai Yung@HOWAIYUNG-PC 2012-11-02 15:34:09" runUser="HoWaiYung-PC\Ho Wai Yung" xmlns="http://microsoft.com/schemas/VisualStudio/TeamTest/2010">
  <TestSettings name="Local" id="19f1e08e-e37f-44cb-a353-ec143923a7f4">
    <Description>These are default test settings for a local test run.</Description>
    <Execution>
      <TestTypeSpecific>
        <UnitTestRunConfig testTypeId="13cdc9d9-ddb5-4fa4-a97d-d965ccfc6d4b">
          <AssemblyResolution>
            <TestDirectory useLoadContext="true" />
          </AssemblyResolution>
        </UnitTestRunConfig>
      </TestTypeSpecific>
      <AgentRule name="LocalMachineDefaultRole">
      </AgentRule>
    </Execution>
    <Deployment runDeploymentRoot="Ho Wai Yung_HOWAIYUNG-PC 2012-11-02 15_34_09" />
  </TestSettings>
  <Times creation="2012-11-02T15:34:09.0038157-06:00" queuing="2012-11-02T15:34:10.4248970-06:00" start="2012-11-02T15:34:10.4298973-06:00" finish="2012-11-02T15:34:11.3469498-06:00" />
  <ResultSummary outcome="Failed">
    <Counters total="7" executed="7" error="0" failed="7" timeout="0" aborted="0" inconclusive="0" passedButRunAborted="0" notRunnable="0" notExecuted="0" disconnected="0" warning="0" passed="0" completed="0" inProgress="0" pending="0" />
  </ResultSummary>
  <TestDefinitions>
    <UnitTest name="AddEmptyStringKeyword" storage="f:\dropbox\map\map\bin\debug\map.dll" id="a78f5112-68fe-7337-9015-2fd177eb0e6e">
      <Execution id="83acbb61-c546-419b-b19b-56e2b526b75e" />
      <TestMethod codeBase="F:/Dropbox/Map/Map/bin/Debug/Map.DLL" adapterTypeName="Microsoft.VisualStudio.TestTools.TestTypes.Unit.UnitTestAdapter, Microsoft.VisualStudio.QualityTools.Tips.UnitTest.Adapter, Version=10.0.0.0, Culture=neutral, PublicKeyToken=b03f5f7f11d50a3a" className="Map.AddKeywordTests, Map, Version=1.0.0.0, Culture=neutral, PublicKeyToken=null" name="AddEmptyStringKeyword" />
    </UnitTest>
    <UnitTest name="AddDuplicateKeyword" storage="f:\dropbox\map\map\bin\debug\map.dll" id="a33351ea-6262-62cb-6e29-5d799198865f">
      <Execution id="7a540c8c-8cc1-431b-b3be-57999605c9b3" />
      <TestMethod codeBase="F:/Dropbox/Map/Map/bin/Debug/Map.DLL" adapterTypeName="Microsoft.VisualStudio.TestTools.TestTypes.Unit.UnitTestAdapter, Microsoft.VisualStudio.QualityTools.Tips.UnitTest.Adapter, Version=10.0.0.0, Culture=neutral, PublicKeyToken=b03f5f7f11d50a3a" className="Map.AddKeywordTests, Map, Version=1.0.0.0, Culture=neutral, PublicKeyToken=null" name="AddDuplicateKeyword" />
    </UnitTest>
    <UnitTest name="AddNumericalKeyword" storage="f:\dropbox\map\map\bin\debug\map.dll" id="a3da25ba-3dfd-42b7-2d2b-f031c0bacd59">
      <Execution id="f6810975-6505-44b9-a53a-e1949925471d" />
      <TestMethod codeBase="F:/Dropbox/Map/Map/bin/Debug/Map.DLL" adapterTypeName="Microsoft.VisualStudio.TestTools.TestTypes.Unit.UnitTestAdapter, Microsoft.VisualStudio.QualityTools.Tips.UnitTest.Adapter, Version=10.0.0.0, Culture=neutral, PublicKeyToken=b03f5f7f11d50a3a" className="Map.AddKeywordTests, Map, Version=1.0.0.0, Culture=neutral, PublicKeyToken=null" name="AddNumericalKeyword" />
    </UnitTest>
    <UnitTest name="AddNullStringKeyword" storage="f:\dropbox\map\map\bin\debug\map.dll" id="248afc99-486e-4088-6a24-ffcee580f3a7">
      <Execution id="3df326c4-fb95-45f1-9f86-17c4823ffe29" />
      <TestMethod codeBase="F:/Dropbox/Map/Map/bin/Debug/Map.DLL" adapterTypeName="Microsoft.VisualStudio.TestTools.TestTypes.Unit.UnitTestAdapter, Microsoft.VisualStudio.QualityTools.Tips.UnitTest.Adapter, Version=10.0.0.0, Culture=neutral, PublicKeyToken=b03f5f7f11d50a3a" className="Map.AddKeywordTests, Map, Version=1.0.0.0, Culture=neutral, PublicKeyToken=null" name="AddNullStringKeyword" />
    </UnitTest>
    <UnitTest name="RemoveNormalUniqueKeyword" storage="f:\dropbox\map\map\bin\debug\map.dll" id="854266d0-8eb4-f021-1b4e-cabb7a37e4e9">
      <Execution id="9682a508-e215-47cf-a0b3-b05a8c558281" />
      <TestMethod codeBase="F:/Dropbox/Map/Map/bin/Debug/Map.DLL" adapterTypeName="Microsoft.VisualStudio.TestTools.TestTypes.Unit.UnitTestAdapter, Microsoft.VisualStudio.QualityTools.Tips.UnitTest.Adapter, Version=10.0.0.0, Culture=neutral, PublicKeyToken=b03f5f7f11d50a3a" className="Map.AddKeywordTests, Map, Version=1.0.0.0, Culture=neutral, PublicKeyToken=null" name="RemoveNormalUniqueKeyword" />
    </UnitTest>
    <UnitTest name="AddNormalUniqueKeyword" storage="f:\dropbox\map\map\bin\debug\map.dll" id="9834602e-83df-a9b9-5975-c498962fa4b4">
      <Execution id="6f152a0e-6b7a-40cc-915a-12b3c7608649" />
      <TestMethod codeBase="F:/Dropbox/Map/Map/bin/Debug/Map.DLL" adapterTypeName="Microsoft.VisualStudio.TestTools.TestTypes.Unit.UnitTestAdapter, Microsoft.VisualStudio.QualityTools.Tips.UnitTest.Adapter, Version=10.0.0.0, Culture=neutral, PublicKeyToken=b03f5f7f11d50a3a" className="Map.AddKeywordTests, Map, Version=1.0.0.0, Culture=neutral, PublicKeyToken=null" name="AddNormalUniqueKeyword" />
    </UnitTest>
    <UnitTest name="AddAlphanumericUniqueKeyword" storage="f:\dropbox\map\map\bin\debug\map.dll" id="68889c4c-4f61-56af-303c-fa6434c9be48">
      <Execution id="c01ecb92-8717-4b29-a8af-f0d37dbdacc2" />
      <TestMethod codeBase="F:/Dropbox/Map/Map/bin/Debug/Map.DLL" adapterTypeName="Microsoft.VisualStudio.TestTools.TestTypes.Unit.UnitTestAdapter, Microsoft.VisualStudio.QualityTools.Tips.UnitTest.Adapter, Version=10.0.0.0, Culture=neutral, PublicKeyToken=b03f5f7f11d50a3a" className="Map.AddKeywordTests, Map, Version=1.0.0.0, Culture=neutral, PublicKeyToken=null" name="AddAlphanumericUniqueKeyword" />
    </UnitTest>
  </TestDefinitions>
  <TestLists>
    <TestList name="Results Not in a List" id="8c84fa94-04c1-424b-9868-57a2d4851a1d" />
    <TestList name="All Loaded Results" id="19431567-8539-422a-85d7-44ee4e166bda" />
  </TestLists>
  <TestEntries>
    <TestEntry testId="248afc99-486e-4088-6a24-ffcee580f3a7" executionId="3df326c4-fb95-45f1-9f86-17c4823ffe29" testListId="8c84fa94-04c1-424b-9868-57a2d4851a1d" />
    <TestEntry testId="68889c4c-4f61-56af-303c-fa6434c9be48" executionId="c01ecb92-8717-4b29-a8af-f0d37dbdacc2" testListId="8c84fa94-04c1-424b-9868-57a2d4851a1d" />
    <TestEntry testId="854266d0-8eb4-f021-1b4e-cabb7a37e4e9" executionId="9682a508-e215-47cf-a0b3-b05a8c558281" testListId="8c84fa94-04c1-424b-9868-57a2d4851a1d" />
    <TestEntry testId="9834602e-83df-a9b9-5975-c498962fa4b4" executionId="6f152a0e-6b7a-40cc-915a-12b3c7608649" testListId="8c84fa94-04c1-424b-9868-57a2d4851a1d" />
    <TestEntry testId="a33351ea-6262-62cb-6e29-5d799198865f" executionId="7a540c8c-8cc1-431b-b3be-57999605c9b3" testListId="8c84fa94-04c1-424b-9868-57a2d4851a1d" />
    <TestEntry testId="a3da25ba-3dfd-42b7-2d2b-f031c0bacd59" executionId="f6810975-6505-44b9-a53a-e1949925471d" testListId="8c84fa94-04c1-424b-9868-57a2d4851a1d" />
    <TestEntry testId="a78f5112-68fe-7337-9015-2fd177eb0e6e" executionId="83acbb61-c546-419b-b19b-56e2b526b75e" testListId="8c84fa94-04c1-424b-9868-57a2d4851a1d" />
  </TestEntries>
  <Results>
    <UnitTestResult executionId="3df326c4-fb95-45f1-9f86-17c4823ffe29" testId="248afc99-486e-4088-6a24-ffcee580f3a7" testName="AddNullStringKeyword" computerName="HOWAIYUNG-PC" duration="00:00:00.0207736" startTime="2012-11-02T15:34:10.4328975-06:00" endTime="2012-11-02T15:34:10.9669280-06:00" testType="13cdc9d9-ddb5-4fa4-a97d-d965ccfc6d4b" outcome="Failed" testListId="8c84fa94-04c1-424b-9868-57a2d4851a1d" relativeResultsDirectory="3df326c4-fb95-45f1-9f86-17c4823ffe29">
      <Output>
        <ErrorInfo>
          <Message>Test method Map.AddKeywordTests.AddNullStringKeyword threw exception System.NotImplementedException, but exception System.ArgumentException was expected. Exception message: System.NotImplementedException: The method or operation is not implemented.</Message>
          <StackTrace>    at Map.Paper.addKeyword(String p) in F:\Dropbox\Map\Map\Paper.cs:line 12
   at Map.AddKeywordTests.AddNullStringKeyword() in F:\Dropbox\Map\Map\AddKeywordTests.cs:line 102
</StackTrace>
        </ErrorInfo>
      </Output>
    </UnitTestResult>
    <UnitTestResult executionId="c01ecb92-8717-4b29-a8af-f0d37dbdacc2" testId="68889c4c-4f61-56af-303c-fa6434c9be48" testName="AddAlphanumericUniqueKeyword" computerName="HOWAIYUNG-PC" duration="00:00:00.0015372" startTime="2012-11-02T15:34:10.9679281-06:00" endTime="2012-11-02T15:34:10.9739284-06:00" testType="13cdc9d9-ddb5-4fa4-a97d-d965ccfc6d4b" outcome="Failed" testListId="8c84fa94-04c1-424b-9868-57a2d4851a1d" relativeResultsDirectory="c01ecb92-8717-4b29-a8af-f0d37dbdacc2">
      <Output>
        <ErrorInfo>
          <Message>Test method Map.AddKeywordTests.AddAlphanumericUniqueKeyword threw exception: 
System.NotImplementedException: The method or operation is not implemented.</Message>
          <StackTrace>    at Map.Paper.addKeyword(String p) in F:\Dropbox\Map\Map\Paper.cs:line 12
   at Map.AddKeywordTests.AddAlphanumericUniqueKeyword() in F:\Dropbox\Map\Map\AddKeywordTests.cs:line 38
</StackTrace>
        </ErrorInfo>
      </Output>
    </UnitTestResult>
    <UnitTestResult executionId="9682a508-e215-47cf-a0b3-b05a8c558281" testId="854266d0-8eb4-f021-1b4e-cabb7a37e4e9" testName="RemoveNormalUniqueKeyword" computerName="HOWAIYUNG-PC" duration="00:00:00.0012382" startTime="2012-11-02T15:34:10.9759285-06:00" endTime="2012-11-02T15:34:10.9799288-06:00" testType="13cdc9d9-ddb5-4fa4-a97d-d965ccfc6d4b" outcome="Failed" testListId="8c84fa94-04c1-424b-9868-57a2d4851a1d" relativeResultsDirectory="9682a508-e215-47cf-a0b3-b05a8c558281">
      <Output>
        <ErrorInfo>
          <Message>Test method Map.AddKeywordTests.RemoveNormalUniqueKeyword threw exception: 
System.NotImplementedException: The method or operation is not implemented.</Message>
          <StackTrace>    at Map.Paper.removeKeyword(String expectedkeyword) in F:\Dropbox\Map\Map\Paper.cs:line 22
   at Map.AddKeywordTests.RemoveNormalUniqueKeyword() in F:\Dropbox\Map\Map\AddKeywordTests.cs:line 57
</StackTrace>
        </ErrorInfo>
      </Output>
    </UnitTestResult>
    <UnitTestResult executionId="6f152a0e-6b7a-40cc-915a-12b3c7608649" testId="9834602e-83df-a9b9-5975-c498962fa4b4" testName="AddNormalUniqueKeyword" computerName="HOWAIYUNG-PC" duration="00:00:00.0013868" startTime="2012-11-02T15:34:10.9809288-06:00" endTime="2012-11-02T15:34:10.9859291-06:00" testType="13cdc9d9-ddb5-4fa4-a97d-d965ccfc6d4b" outcome="Failed" testListId="8c84fa94-04c1-424b-9868-57a2d4851a1d" relativeResultsDirectory="6f152a0e-6b7a-40cc-915a-12b3c7608649">
      <Output>
        <ErrorInfo>
          <Message>Test method Map.AddKeywordTests.AddNormalUniqueKeyword threw exception: 
System.NotImplementedException: The method or operation is not implemented.</Message>
          <StackTrace>    at Map.Paper.addKeyword(String p) in F:\Dropbox\Map\Map\Paper.cs:line 12
   at Map.AddKeywordTests.AddNormalUniqueKeyword() in F:\Dropbox\Map\Map\AddKeywordTests.cs:line 19
</StackTrace>
        </ErrorInfo>
      </Output>
    </UnitTestResult>
    <UnitTestResult executionId="7a540c8c-8cc1-431b-b3be-57999605c9b3" testId="a33351ea-6262-62cb-6e29-5d799198865f" testName="AddDuplicateKeyword" computerName="HOWAIYUNG-PC" duration="00:00:00.0011240" startTime="2012-11-02T15:34:10.9869292-06:00" endTime="2012-11-02T15:34:10.9909294-06:00" testType="13cdc9d9-ddb5-4fa4-a97d-d965ccfc6d4b" outcome="Failed" testListId="8c84fa94-04c1-424b-9868-57a2d4851a1d" relativeResultsDirectory="7a540c8c-8cc1-431b-b3be-57999605c9b3">
      <Output>
        <ErrorInfo>
          <Message>Test method Map.AddKeywordTests.AddDuplicateKeyword threw exception System.NotImplementedException, but exception System.ArgumentException was expected. Exception message: System.NotImplementedException: The method or operation is not implemented.</Message>
          <StackTrace>    at Map.Paper.addKeyword(String p) in F:\Dropbox\Map\Map\Paper.cs:line 12
   at Map.AddKeywordTests.AddDuplicateKeyword() in F:\Dropbox\Map\Map\AddKeywordTests.cs:line 71
</StackTrace>
        </ErrorInfo>
      </Output>
    </UnitTestResult>
    <UnitTestResult executionId="f6810975-6505-44b9-a53a-e1949925471d" testId="a3da25ba-3dfd-42b7-2d2b-f031c0bacd59" testName="AddNumericalKeyword" computerName="HOWAIYUNG-PC" duration="00:00:00.0011324" startTime="2012-11-02T15:34:10.9929295-06:00" endTime="2012-11-02T15:34:10.9969297-06:00" testType="13cdc9d9-ddb5-4fa4-a97d-d965ccfc6d4b" outcome="Failed" testListId="8c84fa94-04c1-424b-9868-57a2d4851a1d" relativeResultsDirectory="f6810975-6505-44b9-a53a-e1949925471d">
      <Output>
        <ErrorInfo>
          <Message>Test method Map.AddKeywordTests.AddNumericalKeyword threw exception System.NotImplementedException, but exception System.ArgumentException was expected. Exception message: System.NotImplementedException: The method or operation is not implemented.</Message>
          <StackTrace>    at Map.Paper.addKeyword(String p) in F:\Dropbox\Map\Map\Paper.cs:line 12
   at Map.AddKeywordTests.AddNumericalKeyword() in F:\Dropbox\Map\Map\AddKeywordTests.cs:line 92
</StackTrace>
        </ErrorInfo>
      </Output>
    </UnitTestResult>
    <UnitTestResult executionId="83acbb61-c546-419b-b19b-56e2b526b75e" testId="a78f5112-68fe-7337-9015-2fd177eb0e6e" testName="AddEmptyStringKeyword" computerName="HOWAIYUNG-PC" duration="00:00:00.0011186" startTime="2012-11-02T15:34:10.9989299-06:00" endTime="2012-11-02T15:34:11.0029301-06:00" testType="13cdc9d9-ddb5-4fa4-a97d-d965ccfc6d4b" outcome="Failed" testListId="8c84fa94-04c1-424b-9868-57a2d4851a1d" relativeResultsDirectory="83acbb61-c546-419b-b19b-56e2b526b75e">
      <Output>
        <ErrorInfo>
          <Message>Test method Map.AddKeywordTests.AddEmptyStringKeyword threw exception System.NotImplementedException, but exception System.ArgumentException was expected. Exception message: System.NotImplementedException: The method or operation is not implemented.</Message>
          <StackTrace>    at Map.Paper.addKeyword(String p) in F:\Dropbox\Map\Map\Paper.cs:line 12
   at Map.AddKeywordTests.AddEmptyStringKeyword() in F:\Dropbox\Map\Map\AddKeywordTests.cs:line 82
</StackTrace>
        </ErrorInfo>
      </Output>
    </UnitTestResult>
  </Results>
</TestRun>